Archive member included to satisfy reference by file (symbol)

/Applications/STM32CubeIDE.app/Contents/Eclipse/plugins/com.st.stm32cube.ide.mcu.externaltools.gnu-tools-for-stm32.7-2018-q2-update.macos64_1.5.0.202011040924/tools/bin/../lib/gcc/arm-none-eabi/7.3.1/../../../../arm-none-eabi/lib/thumb/v7e-m/fpv4-sp/hard/libc_nano.a(lib_a-errno.o)
                              Core/Src/syscalls.o (__errno)
/Applications/STM32CubeIDE.app/Contents/Eclipse/plugins/com.st.stm32cube.ide.mcu.externaltools.gnu-tools-for-stm32.7-2018-q2-update.macos64_1.5.0.202011040924/tools/bin/../lib/gcc/arm-none-eabi/7.3.1/../../../../arm-none-eabi/lib/thumb/v7e-m/fpv4-sp/hard/libc_nano.a(lib_a-exit.o)
                              /Applications/STM32CubeIDE.app/Contents/Eclipse/plugins/com.st.stm32cube.ide.mcu.externaltools.gnu-tools-for-stm32.7-2018-q2-update.macos64_1.5.0.202011040924/tools/bin/../lib/gcc/arm-none-eabi/7.3.1/../../../../arm-none-eabi/lib/thumb/v7e-m/fpv4-sp/hard/crt0.o (exit)
/Applications/STM32CubeIDE.app/Contents/Eclipse/plugins/com.st.stm32cube.ide.mcu.externaltools.gnu-tools-for-stm32.7-2018-q2-update.macos64_1.5.0.202011040924/tools/bin/../lib/gcc/arm-none-eabi/7.3.1/../../../../arm-none-eabi/lib/thumb/v7e-m/fpv4-sp/hard/libc_nano.a(lib_a-impure.o)
                              /Applications/STM32CubeIDE.app/Contents/Eclipse/plugins/com.st.stm32cube.ide.mcu.externaltools.gnu-tools-for-stm32.7-2018-q2-update.macos64_1.5.0.202011040924/tools/bin/../lib/gcc/arm-none-eabi/7.3.1/../../../../arm-none-eabi/lib/thumb/v7e-m/fpv4-sp/hard/libc_nano.a(lib_a-exit.o) (_global_impure_ptr)
/Applications/STM32CubeIDE.app/Contents/Eclipse/plugins/com.st.stm32cube.ide.mcu.externaltools.gnu-tools-for-stm32.7-2018-q2-update.macos64_1.5.0.202011040924/tools/bin/../lib/gcc/arm-none-eabi/7.3.1/../../../../arm-none-eabi/lib/thumb/v7e-m/fpv4-sp/hard/libc_nano.a(lib_a-init.o)
                              /Applications/STM32CubeIDE.app/Contents/Eclipse/plugins/com.st.stm32cube.ide.mcu.externaltools.gnu-tools-for-stm32.7-2018-q2-update.macos64_1.5.0.202011040924/tools/bin/../lib/gcc/arm-none-eabi/7.3.1/../../../../arm-none-eabi/lib/thumb/v7e-m/fpv4-sp/hard/crt0.o (__libc_init_array)
/Applications/STM32CubeIDE.app/Contents/Eclipse/plugins/com.st.stm32cube.ide.mcu.externaltools.gnu-tools-for-stm32.7-2018-q2-update.macos64_1.5.0.202011040924/tools/bin/../lib/gcc/arm-none-eabi/7.3.1/../../../../arm-none-eabi/lib/thumb/v7e-m/fpv4-sp/hard/libc_nano.a(lib_a-memcpy-stub.o)
                              Core/Src/kernel_src/ipc.o (memcpy)
/Applications/STM32CubeIDE.app/Contents/Eclipse/plugins/com.st.stm32cube.ide.mcu.externaltools.gnu-tools-for-stm32.7-2018-q2-update.macos64_1.5.0.202011040924/tools/bin/../lib/gcc/arm-none-eabi/7.3.1/../../../../arm-none-eabi/lib/thumb/v7e-m/fpv4-sp/hard/libc_nano.a(lib_a-memset.o)
                              /Applications/STM32CubeIDE.app/Contents/Eclipse/plugins/com.st.stm32cube.ide.mcu.externaltools.gnu-tools-for-stm32.7-2018-q2-update.macos64_1.5.0.202011040924/tools/bin/../lib/gcc/arm-none-eabi/7.3.1/../../../../arm-none-eabi/lib/thumb/v7e-m/fpv4-sp/hard/crt0.o (memset)
/Applications/STM32CubeIDE.app/Contents/Eclipse/plugins/com.st.stm32cube.ide.mcu.externaltools.gnu-tools-for-stm32.7-2018-q2-update.macos64_1.5.0.202011040924/tools/bin/../lib/gcc/arm-none-eabi/7.3.1/../../../../arm-none-eabi/lib/thumb/v7e-m/fpv4-sp/hard/libc_nano.a(lib_a-strlen.o)
                              Core/Src/kernel_src/common.o (strlen)
/Applications/STM32CubeIDE.app/Contents/Eclipse/plugins/com.st.stm32cube.ide.mcu.externaltools.gnu-tools-for-stm32.7-2018-q2-update.macos64_1.5.0.202011040924/tools/bin/../lib/gcc/arm-none-eabi/7.3.1/../../../../arm-none-eabi/lib/thumb/v7e-m/fpv4-sp/hard/libc_nano.a(lib_a-strncpy.o)
                              Core/Src/kernel_src/soft_timer.o (strncpy)
/Applications/STM32CubeIDE.app/Contents/Eclipse/plugins/com.st.stm32cube.ide.mcu.externaltools.gnu-tools-for-stm32.7-2018-q2-update.macos64_1.5.0.202011040924/tools/bin/../lib/gcc/arm-none-eabi/7.3.1/../../../../arm-none-eabi/lib/thumb/v7e-m/fpv4-sp/hard/libc_nano.a(lib_a-vsnprintf.o)
                              Core/Src/kernel_src/common.o (vsnprintf)
/Applications/STM32CubeIDE.app/Contents/Eclipse/plugins/com.st.stm32cube.ide.mcu.externaltools.gnu-tools-for-stm32.7-2018-q2-update.macos64_1.5.0.202011040924/tools/bin/../lib/gcc/arm-none-eabi/7.3.1/../../../../arm-none-eabi/lib/thumb/v7e-m/fpv4-sp/hard/libc_nano.a(lib_a-nano-svfprintf.o)
                              /Applications/STM32CubeIDE.app/Contents/Eclipse/plugins/com.st.stm32cube.ide.mcu.externaltools.gnu-tools-for-stm32.7-2018-q2-update.macos64_1.5.0.202011040924/tools/bin/../lib/gcc/arm-none-eabi/7.3.1/../../../../arm-none-eabi/lib/thumb/v7e-m/fpv4-sp/hard/libc_nano.a(lib_a-vsnprintf.o) (_svfprintf_r)
[...]
Memory Configuration

Name             Origin             Length             Attributes
CCMRAM           0x0000000010000000 0x0000000000010000 xrw
RAM              0x0000000020000000 0x0000000000030000 xrw
FLASH            0x0000000008000000 0x0000000000100000 xr
*default*        0x0000000000000000 0xffffffffffffffff

Linker script and memory map

LOAD /Applications/STM32CubeIDE.app/Contents/Eclipse/plugins/com.st.stm32cube.ide.mcu.externaltools.gnu-tools-for-stm32.7-2018-q2-update.macos64_1.5.0.202011040924/tools/bin/../lib/gcc/arm-none-eabi/7.3.1/thumb/v7e-m/fpv4-sp/hard/crti.o
LOAD /Applications/STM32CubeIDE.app/Contents/Eclipse/plugins/com.st.stm32cube.ide.mcu.externaltools.gnu-tools-for-stm32.7-2018-q2-update.macos64_1.5.0.202011040924/tools/bin/../lib/gcc/arm-none-eabi/7.3.1/thumb/v7e-m/fpv4-sp/hard/crtbegin.o
LOAD /Applications/STM32CubeIDE.app/Contents/Eclipse/plugins/com.st.stm32cube.ide.mcu.externaltools.gnu-tools-for-stm32.7-2018-q2-update.macos64_1.5.0.202011040924/tools/bin/../lib/gcc/arm-none-eabi/7.3.1/../../../../arm-none-eabi/lib/thumb/v7e-m/fpv4-sp/hard/crt0.o
LOAD Core/Src/gpio.o
LOAD Core/Src/main.o
LOAD Core/Src/stm32f4xx_hal_msp.o
LOAD Core/Src/stm32f4xx_it.o
LOAD Core/Src/syscalls.o
LOAD Core/Src/sysmem.o
LOAD Core/Src/system_stm32f4xx.o
LOAD Core/Src/usart.o
LOAD Core/Src/kernel_src/common.o
LOAD Core/Src/kernel_src/interrupt.o
LOAD Core/Src/kernel_src/ipc.o
LOAD Core/Src/kernel_src/soft_timer.o
LOAD Core/Src/kernel_src/system_exception.o
LOAD Core/Src/kernel_src/task.o
LOAD Core/Src/kernel_src/sample_code/event_sample.o
LOAD Core/Src/kernel_src/sample_code/memory_sample.o
LOAD Core/Src/kernel_src/sample_code/msg_queue_sample.o
LOAD Core/Src/kernel_src/sample_code/mutex_sample.o
LOAD Core/Src/kernel_src/sample_code/semaphore_sample.o
LOAD Core/Src/kernel_src/sample_code/soft_timer_sample.o
LOAD Core/Src/kernel_src/sample_code/task_sample.o
LOAD Core/Startup/startup_stm32f429igtx.o
LOAD Drivers/STM32F4xx_HAL_Driver/Src/stm32f4xx_hal.o
LOAD Drivers/STM32F4xx_HAL_Driver/Src/stm32f4xx_hal_cortex.o
LOAD Drivers/STM32F4xx_HAL_Driver/Src/stm32f4xx_hal_dma.o
LOAD Drivers/STM32F4xx_HAL_Driver/Src/stm32f4xx_hal_dma_ex.o
LOAD Drivers/STM32F4xx_HAL_Driver/Src/stm32f4xx_hal_exti.o
LOAD Drivers/STM32F4xx_HAL_Driver/Src/stm32f4xx_hal_flash.o
LOAD Drivers/STM32F4xx_HAL_Driver/Src/stm32f4xx_hal_flash_ex.o
LOAD Drivers/STM32F4xx_HAL_Driver/Src/stm32f4xx_hal_flash_ramfunc.o
LOAD Drivers/STM32F4xx_HAL_Driver/Src/stm32f4xx_hal_gpio.o
LOAD Drivers/STM32F4xx_HAL_Driver/Src/stm32f4xx_hal_pwr.o
LOAD Drivers/STM32F4xx_HAL_Driver/Src/stm32f4xx_hal_pwr_ex.o
LOAD Drivers/STM32F4xx_HAL_Driver/Src/stm32f4xx_hal_rcc.o
LOAD Drivers/STM32F4xx_HAL_Driver/Src/stm32f4xx_hal_rcc_ex.o
LOAD Drivers/STM32F4xx_HAL_Driver/Src/stm32f4xx_hal_tim.o
LOAD Drivers/STM32F4xx_HAL_Driver/Src/stm32f4xx_hal_tim_ex.o
LOAD Drivers/STM32F4xx_HAL_Driver/Src/stm32f4xx_hal_uart.o
START GROUP
LOAD /Applications/STM32CubeIDE.app/Contents/Eclipse/plugins/com.st.stm32cube.ide.mcu.externaltools.gnu-tools-for-stm32.7-2018-q2-update.macos64_1.5.0.202011040924/tools/bin/../lib/gcc/arm-none-eabi/7.3.1/../../../../arm-none-eabi/lib/thumb/v7e-m/fpv4-sp/hard/libc_nano.a
LOAD /Applications/STM32CubeIDE.app/Contents/Eclipse/plugins/com.st.stm32cube.ide.mcu.externaltools.gnu-tools-for-stm32.7-2018-q2-update.macos64_1.5.0.202011040924/tools/bin/../lib/gcc/arm-none-eabi/7.3.1/../../../../arm-none-eabi/lib/thumb/v7e-m/fpv4-sp/hard/libm.a
END GROUP
START GROUP
LOAD /Applications/STM32CubeIDE.app/Contents/Eclipse/plugins/com.st.stm32cube.ide.mcu.externaltools.gnu-tools-for-stm32.7-2018-q2-update.macos64_1.5.0.202011040924/tools/bin/../lib/gcc/arm-none-eabi/7.3.1/thumb/v7e-m/fpv4-sp/hard/libgcc.a
LOAD /Applications/STM32CubeIDE.app/Contents/Eclipse/plugins/com.st.stm32cube.ide.mcu.externaltools.gnu-tools-for-stm32.7-2018-q2-update.macos64_1.5.0.202011040924/tools/bin/../lib/gcc/arm-none-eabi/7.3.1/../../../../arm-none-eabi/lib/thumb/v7e-m/fpv4-sp/hard/libc_nano.a
END GROUP
START GROUP
LOAD /Applications/STM32CubeIDE.app/Contents/Eclipse/plugins/com.st.stm32cube.ide.mcu.externaltools.gnu-tools-for-stm32.7-2018-q2-update.macos64_1.5.0.202011040924/tools/bin/../lib/gcc/arm-none-eabi/7.3.1/thumb/v7e-m/fpv4-sp/hard/libgcc.a
LOAD /Applications/STM32CubeIDE.app/Contents/Eclipse/plugins/com.st.stm32cube.ide.mcu.externaltools.gnu-tools-for-stm32.7-2018-q2-update.macos64_1.5.0.202011040924/tools/bin/../lib/gcc/arm-none-eabi/7.3.1/../../../../arm-none-eabi/lib/thumb/v7e-m/fpv4-sp/hard/libc_nano.a
LOAD /Applications/STM32CubeIDE.app/Contents/Eclipse/plugins/com.st.stm32cube.ide.mcu.externaltools.gnu-tools-for-stm32.7-2018-q2-update.macos64_1.5.0.202011040924/tools/bin/../lib/gcc/arm-none-eabi/7.3.1/../../../../arm-none-eabi/lib/thumb/v7e-m/fpv4-sp/hard/libnosys.a
END GROUP
START GROUP
LOAD /Applications/STM32CubeIDE.app/Contents/Eclipse/plugins/com.st.stm32cube.ide.mcu.externaltools.gnu-tools-for-stm32.7-2018-q2-update.macos64_1.5.0.202011040924/tools/bin/../lib/gcc/arm-none-eabi/7.3.1/thumb/v7e-m/fpv4-sp/hard/libgcc.a
LOAD /Applications/STM32CubeIDE.app/Contents/Eclipse/plugins/com.st.stm32cube.ide.mcu.externaltools.gnu-tools-for-stm32.7-2018-q2-update.macos64_1.5.0.202011040924/tools/bin/../lib/gcc/arm-none-eabi/7.3.1/../../../../arm-none-eabi/lib/thumb/v7e-m/fpv4-sp/hard/libc_nano.a
LOAD /Applications/STM32CubeIDE.app/Contents/Eclipse/plugins/com.st.stm32cube.ide.mcu.externaltools.gnu-tools-for-stm32.7-2018-q2-update.macos64_1.5.0.202011040924/tools/bin/../lib/gcc/arm-none-eabi/7.3.1/../../../../arm-none-eabi/lib/thumb/v7e-m/fpv4-sp/hard/libnosys.a
END GROUP
LOAD /Applications/STM32CubeIDE.app/Contents/Eclipse/plugins/com.st.stm32cube.ide.mcu.externaltools.gnu-tools-for-stm32.7-2018-q2-update.macos64_1.5.0.202011040924/tools/bin/../lib/gcc/arm-none-eabi/7.3.1/thumb/v7e-m/fpv4-sp/hard/crtend.o
LOAD /Applications/STM32CubeIDE.app/Contents/Eclipse/plugins/com.st.stm32cube.ide.mcu.externaltools.gnu-tools-for-stm32.7-2018-q2-update.macos64_1.5.0.202011040924/tools/bin/../lib/gcc/arm-none-eabi/7.3.1/thumb/v7e-m/fpv4-sp/hard/crtn.o
                0x0000000020030000                _estack = (ORIGIN (RAM) + LENGTH (RAM))
                0x0000000000000200                _Min_Heap_Size = 0x200
                0x0000000000000400                _Min_Stack_Size = 0x400

.isr_vector     0x0000000008000000      0x1ac
                0x0000000008000000                . = ALIGN (0x4)
 *(.isr_vector)
 .isr_vector    0x0000000008000000      0x1ac Core/Startup/startup_stm32f429igtx.o
                0x0000000008000000                g_pfnVectors
                0x00000000080001ac                . = ALIGN (0x4)

.text           0x00000000080001b0     0x3ca8
                0x00000000080001b0                . = ALIGN (0x4)
 *(.text)
 .text          0x00000000080001b0       0x40 /Applications/STM32CubeIDE.app/Contents/Eclipse/plugins/com.st.stm32cube.ide.mcu.externaltools.gnu-tools-for-stm32.7-2018-q2-update.macos64_1.5.0.202011040924/tools/bin/../lib/gcc/arm-none-eabi/7.3.1/thumb/v7e-m/fpv4-sp/hard/crtbegin.o
 .text          0x00000000080001f0       0x10 /Applications/STM32CubeIDE.app/Contents/Eclipse/plugins/com.st.stm32cube.ide.mcu.externaltools.gnu-tools-for-stm32.7-2018-q2-update.macos64_1.5.0.202011040924/tools/bin/../lib/gcc/arm-none-eabi/7.3.1/../../../../arm-none-eabi/lib/thumb/v7e-m/fpv4-sp/hard/libc_nano.a(lib_a-strlen.o)
                0x00000000080001f0                strlen
 .text          0x0000000008000200       0xa0 /Applications/STM32CubeIDE.app/Contents/Eclipse/plugins/com.st.stm32cube.ide.mcu.externaltools.gnu-tools-for-stm32.7-2018-q2-update.macos64_1.5.0.202011040924/tools/bin/../lib/gcc/arm-none-eabi/7.3.1/../../../../arm-none-eabi/lib/thumb/v7e-m/fpv4-sp/hard/libc_nano.a(lib_a-memchr.o)
                0x0000000008000200                memchr
 .text          0x00000000080002a0       0x30 /Applications/STM32CubeIDE.app/Contents/Eclipse/plugins/com.st.stm32cube.ide.mcu.externaltools.gnu-tools-for-stm32.7-2018-q2-update.macos64_1.5.0.202011040924/tools/bin/../lib/gcc/arm-none-eabi/7.3.1/thumb/v7e-m/fpv4-sp/hard/libgcc.a(_aeabi_uldivmod.o)
                0x00000000080002a0                __aeabi_uldivmod
 .text          0x00000000080002d0      0x2cc /Applications/STM32CubeIDE.app/Contents/Eclipse/plugins/com.st.stm32cube.ide.mcu.externaltools.gnu-tools-for-stm32.7-2018-q2-update.macos64_1.5.0.202011040924/tools/bin/../lib/gcc/arm-none-eabi/7.3.1/thumb/v7e-m/fpv4-sp/hard/libgcc.a(_udivmoddi4.o)
                0x00000000080002d0                __udivmoddi4
 .text          0x000000000800059c        0x4 /Applications/STM32CubeIDE.app/Contents/Eclipse/plugins/com.st.stm32cube.ide.mcu.externaltools.gnu-tools-for-stm32.7-2018-q2-update.macos64_1.5.0.202011040924/tools/bin/../lib/gcc/arm-none-eabi/7.3.1/thumb/v7e-m/fpv4-sp/hard/libgcc.a(_dvmd_tls.o)
                0x000000000800059c                __aeabi_ldiv0
                0x000000000800059c                __aeabi_idiv0
 *(.text*)
 .text.MX_GPIO_Init
                0x00000000080005a0       0xd8 Core/Src/gpio.o
                0x00000000080005a0                MX_GPIO_Init
 .text.HAL_GPIO_EXTI_Callback
                0x0000000008000678       0x1c Core/Src/gpio.o
                0x0000000008000678                HAL_GPIO_EXTI_Callback
 .text.main     0x0000000008000694       0x3c Core/Src/main.o
                0x0000000008000694                main
 .text.SystemClock_Config
                0x00000000080006d0       0xe0 Core/Src/main.o
                0x00000000080006d0                SystemClock_Config
 .text.Error_Handler
                0x00000000080007b0        0x8 Core/Src/main.o
                0x00000000080007b0                Error_Handler
 .text.HAL_MspInit
                0x00000000080007b8       0x50 Core/Src/stm32f4xx_hal_msp.o
                0x00000000080007b8                HAL_MspInit
 .text.NMI_Handler
                0x0000000008000808        0x6 Core/Src/stm32f4xx_it.o
                0x0000000008000808                NMI_Handler
 .text.HardFault_Handler
                0x000000000800080e        0x6 Core/Src/stm32f4xx_it.o
                0x000000000800080e                HardFault_Handler
 .text.MemManage_Handler
                0x0000000008000814        0x6 Core/Src/stm32f4xx_it.o
                0x0000000008000814                MemManage_Handler
 .text.BusFault_Handler
                0x000000000800081a        0x6 Core/Src/stm32f4xx_it.o
                0x000000000800081a                BusFault_Handler
 .text.UsageFault_Handler
                0x0000000008000820        0x6 Core/Src/stm32f4xx_it.o
                0x0000000008000820                UsageFault_Handler
 .text.SVC_Handler
                0x0000000008000826        0xe Core/Src/stm32f4xx_it.o
                0x0000000008000826                SVC_Handler
 .text.DebugMon_Handler
                0x0000000008000834        0xe Core/Src/stm32f4xx_it.o
                0x0000000008000834                DebugMon_Handler
 .text.EXTI15_10_IRQHandler
                0x0000000008000842       0x10 Core/Src/stm32f4xx_it.o
                0x0000000008000842                EXTI15_10_IRQHandler
 *fill*         0x0000000008000852        0x2 
 .text._sbrk    0x0000000008000854       0x6c Core/Src/sysmem.o
                0x0000000008000854                _sbrk
 .text.SystemInit
                0x00000000080008c0       0x2c Core/Src/system_stm32f4xx.o
                0x00000000080008c0                SystemInit
 .text.MX_USART1_UART_Init
                0x00000000080008ec       0x54 Core/Src/usart.o
                0x00000000080008ec                MX_USART1_UART_Init
 .text.HAL_UART_MspInit
                0x0000000008000940       0x90 Core/Src/usart.o
                0x0000000008000940                HAL_UART_MspInit
 .text._write   0x00000000080009d0       0x2c Core/Src/usart.o
                0x00000000080009d0                _write
 .text.heap_init
                0x00000000080009fc       0xd0 Core/Src/kernel_src/common.o
                0x00000000080009fc                heap_init
 .text.os_malloc
                0x0000000008000acc       0xf4 Core/Src/kernel_src/common.o
                0x0000000008000acc                os_malloc
 .text.puts     0x0000000008000bc0       0x24 Core/Src/kernel_src/common.o
                0x0000000008000bc0                puts
 .text.printf   0x0000000008000be4       0x56 Core/Src/kernel_src/common.o
                0x0000000008000be4                printf
 .text.interrupt_disable
                0x0000000008000c3a        0xc Core/Src/kernel_src/interrupt.o
                0x0000000008000c3a                interrupt_disable
 .text.interrupt_enable
                0x0000000008000c46        0x8 Core/Src/kernel_src/interrupt.o
                0x0000000008000c46                interrupt_enable
 .text.__list_add
                0x0000000008000c4e       0x30 Core/Src/kernel_src/ipc.o
 .text.list_add_between
                0x0000000008000c7e       0x1e Core/Src/kernel_src/ipc.o
 .text.list_add_after
                0x0000000008000c9c       0x20 Core/Src/kernel_src/ipc.o
 .text.list_add_before
                0x0000000008000cbc       0x20 Core/Src/kernel_src/ipc.o
 .text.__list_del
                0x0000000008000cdc       0x22 Core/Src/kernel_src/ipc.o
 .text.list_del
                0x0000000008000cfe       0x2c Core/Src/kernel_src/ipc.o
 .text.pend_list_add
                0x0000000008000d2a       0xd0 Core/Src/kernel_src/ipc.o
                0x0000000008000d2a                pend_list_add
 .text.pend_list_del
                0x0000000008000dfa       0x26 Core/Src/kernel_src/ipc.o
                0x0000000008000dfa                pend_list_del
 .text.ipc_timer
                0x0000000008000e20       0x26 Core/Src/kernel_src/ipc.o
                0x0000000008000e20                ipc_timer
 .text.mutex_create
                0x0000000008000e46       0x4c Core/Src/kernel_src/ipc.o
                0x0000000008000e46                mutex_create
 *fill*         0x0000000008000e92        0x2 
 .text.mutex_take
                0x0000000008000e94      0x10c Core/Src/kernel_src/ipc.o
                0x0000000008000e94                mutex_take
 .text.mutex_release
                0x0000000008000fa0       0xee Core/Src/kernel_src/ipc.o
                0x0000000008000fa0                mutex_release
 .text.__list_add
                0x000000000800108e       0x30 Core/Src/kernel_src/soft_timer.o
 .text.list_add_between
                0x00000000080010be       0x1e Core/Src/kernel_src/soft_timer.o
 .text.list_add_after
                0x00000000080010dc       0x20 Core/Src/kernel_src/soft_timer.o
 .text.list_add_before
                0x00000000080010fc       0x20 Core/Src/kernel_src/soft_timer.o
 .text.__list_del
                0x000000000800111c       0x22 Core/Src/kernel_src/soft_timer.o
 .text.list_del
                0x000000000800113e       0x2c Core/Src/kernel_src/soft_timer.o
 .text.soft_timer_create
                0x000000000800116a       0x44 Core/Src/kernel_src/soft_timer.o
                0x000000000800116a                soft_timer_create
 *fill*         0x00000000080011ae        0x2 
 .text.soft_timer_start
                0x00000000080011b0       0xe4 Core/Src/kernel_src/soft_timer.o
                0x00000000080011b0                soft_timer_start
 .text.soft_timer_stop
                0x0000000008001294       0x1a Core/Src/kernel_src/soft_timer.o
                0x0000000008001294                soft_timer_stop
 *fill*         0x00000000080012ae        0x2 
 .text.soft_timer_check
                0x00000000080012b0       0x6c Core/Src/kernel_src/soft_timer.o
                0x00000000080012b0                soft_timer_check
 .text.PendSV_Handler
                0x000000000800131c       0x26 Core/Src/kernel_src/system_exception.o
                0x000000000800131c                PendSV_Handler
 .text.SysTick_Handler
                0x0000000008001342       0x14 Core/Src/kernel_src/system_exception.o
                0x0000000008001342                SysTick_Handler
 .text.__list_add
                0x0000000008001356       0x30 Core/Src/kernel_src/task.o
 .text.list_add_between
                0x0000000008001386       0x1e Core/Src/kernel_src/task.o
 .text.list_add_after
                0x00000000080013a4       0x20 Core/Src/kernel_src/task.o
 .text.list_add_before
                0x00000000080013c4       0x20 Core/Src/kernel_src/task.o
 .text.__list_del
                0x00000000080013e4       0x22 Core/Src/kernel_src/task.o
 .text.list_del
                0x0000000008001406       0x2c Core/Src/kernel_src/task.o
 .text.create_prio_list_entry
                0x0000000008001432       0x34 Core/Src/kernel_src/task.o
                0x0000000008001432                create_prio_list_entry
 *fill*         0x0000000008001466        0x2 
 .text.insert_task_to_list
                0x0000000008001468      0x158 Core/Src/kernel_src/task.o
                0x0000000008001468                insert_task_to_list
 .text.task_create_static
                0x00000000080015c0       0xf4 Core/Src/kernel_src/task.o
                0x00000000080015c0                task_create_static
 .text.task_create
                0x00000000080016b4       0x48 Core/Src/kernel_src/task.o
                0x00000000080016b4                task_create
 .text.idle_entry
                0x00000000080016fc        0xa Core/Src/kernel_src/task.o
                0x00000000080016fc                idle_entry
 *fill*         0x0000000008001706        0x2 
 .text.idle_task_create
                0x0000000008001708       0x4c Core/Src/kernel_src/task.o
                0x0000000008001708                idle_task_create
 .text.get_next_psp
                0x0000000008001754       0x18 Core/Src/kernel_src/task.o
                0x0000000008001754                get_next_psp
 .text.get_current_psp
                0x000000000800176c       0x18 Core/Src/kernel_src/task.o
                0x000000000800176c                get_current_psp
 .text.save_current_psp
                0x0000000008001784       0x20 Core/Src/kernel_src/task.o
                0x0000000008001784                save_current_psp
 .text.update_cur_with_next
                0x00000000080017a4       0x20 Core/Src/kernel_src/task.o
                0x00000000080017a4                update_cur_with_next
 .text.get_next_task
                0x00000000080017c4       0xb0 Core/Src/kernel_src/task.o
                0x00000000080017c4                get_next_task
 .text.task_schedule
                0x0000000008001874       0x48 Core/Src/kernel_src/task.o
                0x0000000008001874                task_schedule
 .text.task_delay
                0x00000000080018bc       0x30 Core/Src/kernel_src/task.o
                0x00000000080018bc                task_delay
 .text.show_task_info
                0x00000000080018ec       0xd8 Core/Src/kernel_src/task.o
                0x00000000080018ec                show_task_info
 .text.update_task_state
                0x00000000080019c4      0x104 Core/Src/kernel_src/task.o
                0x00000000080019c4                update_task_state
 .text.switch_msp_to_psp
                0x0000000008001ac8       0x1a Core/Src/kernel_src/task.o
                0x0000000008001ac8                switch_msp_to_psp
 *fill*         0x0000000008001ae2        0x2 
 .text.os_start_schedule
                0x0000000008001ae4       0x30 Core/Src/kernel_src/task.o
                0x0000000008001ae4                os_start_schedule
 .text.task_get_self
                0x0000000008001b14       0x18 Core/Src/kernel_src/task.o
                0x0000000008001b14                task_get_self
 .text.task_entry
                0x0000000008001b2c       0x38 Core/Src/kernel_src/sample_code/task_sample.o
                0x0000000008001b2c                task_entry
 .text.task_sample_entry
                0x0000000008001b64       0xb0 Core/Src/kernel_src/sample_code/task_sample.o
                0x0000000008001b64                task_sample_entry
 .text.Reset_Handler
                0x0000000008001c14       0x50 Core/Startup/startup_stm32f429igtx.o
                0x0000000008001c14                Reset_Handler
 .text.Default_Handler
                0x0000000008001c64        0x2 Core/Startup/startup_stm32f429igtx.o
                0x0000000008001c64                DMA1_Stream3_IRQHandler
                0x0000000008001c64                HASH_RNG_IRQHandler
                0x0000000008001c64                EXTI2_IRQHandler
                0x0000000008001c64                TIM8_CC_IRQHandler
                0x0000000008001c64                UART8_IRQHandler
                0x0000000008001c64                SPI4_IRQHandler
                0x0000000008001c64                TIM1_CC_IRQHandler
                0x0000000008001c64                DMA2_Stream5_IRQHandler
                0x0000000008001c64                DMA1_Stream5_IRQHandler
                0x0000000008001c64                PVD_IRQHandler
                0x0000000008001c64                SDIO_IRQHandler
                0x0000000008001c64                TAMP_STAMP_IRQHandler
                0x0000000008001c64                CAN2_RX1_IRQHandler
                0x0000000008001c64                EXTI3_IRQHandler
                0x0000000008001c64                TIM8_TRG_COM_TIM14_IRQHandler
                0x0000000008001c64                TIM1_UP_TIM10_IRQHandler
                0x0000000008001c64                TIM8_UP_TIM13_IRQHandler
                0x0000000008001c64                I2C3_ER_IRQHandler
                0x0000000008001c64                EXTI0_IRQHandler
                0x0000000008001c64                I2C2_EV_IRQHandler
                0x0000000008001c64                DMA1_Stream2_IRQHandler
                0x0000000008001c64                CAN1_RX0_IRQHandler
                0x0000000008001c64                FPU_IRQHandler
                0x0000000008001c64                OTG_HS_WKUP_IRQHandler
                0x0000000008001c64                LTDC_ER_IRQHandler
                0x0000000008001c64                CAN2_SCE_IRQHandler
                0x0000000008001c64                DMA2_Stream2_IRQHandler
                0x0000000008001c64                SPI1_IRQHandler
                0x0000000008001c64                TIM6_DAC_IRQHandler
                0x0000000008001c64                TIM1_BRK_TIM9_IRQHandler
                0x0000000008001c64                DCMI_IRQHandler
                0x0000000008001c64                CAN2_RX0_IRQHandler
                0x0000000008001c64                DMA2_Stream3_IRQHandler
                0x0000000008001c64                USART6_IRQHandler
                0x0000000008001c64                USART3_IRQHandler
                0x0000000008001c64                CAN1_RX1_IRQHandler
                0x0000000008001c64                UART5_IRQHandler
                0x0000000008001c64                DMA2_Stream0_IRQHandler
                0x0000000008001c64                TIM4_IRQHandler
                0x0000000008001c64                I2C1_EV_IRQHandler
                0x0000000008001c64                DMA1_Stream6_IRQHandler
                0x0000000008001c64                DMA1_Stream1_IRQHandler
                0x0000000008001c64                UART4_IRQHandler
                0x0000000008001c64                TIM3_IRQHandler
                0x0000000008001c64                RCC_IRQHandler
                0x0000000008001c64                TIM8_BRK_TIM12_IRQHandler
                0x0000000008001c64                Default_Handler
                0x0000000008001c64                ADC_IRQHandler
                0x0000000008001c64                DMA1_Stream7_IRQHandler
                0x0000000008001c64                SPI5_IRQHandler
                0x0000000008001c64                TIM7_IRQHandler
                0x0000000008001c64                CAN2_TX_IRQHandler
                0x0000000008001c64                TIM5_IRQHandler
                0x0000000008001c64                DMA2_Stream7_IRQHandler
                0x0000000008001c64                I2C3_EV_IRQHandler
                0x0000000008001c64                EXTI9_5_IRQHandler
                0x0000000008001c64                RTC_WKUP_IRQHandler
                0x0000000008001c64                LTDC_IRQHandler
                0x0000000008001c64                ETH_WKUP_IRQHandler
                0x0000000008001c64                SPI2_IRQHandler
                0x0000000008001c64                OTG_HS_EP1_IN_IRQHandler
                0x0000000008001c64                DMA1_Stream0_IRQHandler
                0x0000000008001c64                CAN1_TX_IRQHandler
                0x0000000008001c64                EXTI4_IRQHandler
                0x0000000008001c64                ETH_IRQHandler
                0x0000000008001c64                OTG_HS_EP1_OUT_IRQHandler
                0x0000000008001c64                WWDG_IRQHandler
                0x0000000008001c64                SPI6_IRQHandler
                0x0000000008001c64                TIM2_IRQHandler
                0x0000000008001c64                OTG_FS_WKUP_IRQHandler
                0x0000000008001c64                TIM1_TRG_COM_TIM11_IRQHandler
                0x0000000008001c64                OTG_HS_IRQHandler
                0x0000000008001c64                DMA2D_IRQHandler
                0x0000000008001c64                EXTI1_IRQHandler
                0x0000000008001c64                UART7_IRQHandler
                0x0000000008001c64                USART2_IRQHandler
                0x0000000008001c64                I2C2_ER_IRQHandler
                0x0000000008001c64                DMA2_Stream1_IRQHandler
                0x0000000008001c64                CAN1_SCE_IRQHandler
                0x0000000008001c64                FLASH_IRQHandler
                0x0000000008001c64                DMA2_Stream4_IRQHandler
                0x0000000008001c64                USART1_IRQHandler
                0x0000000008001c64                OTG_FS_IRQHandler
                0x0000000008001c64                SPI3_IRQHandler
                0x0000000008001c64                DMA1_Stream4_IRQHandler
                0x0000000008001c64                I2C1_ER_IRQHandler
                0x0000000008001c64                FMC_IRQHandler
                0x0000000008001c64                DMA2_Stream6_IRQHandler
                0x0000000008001c64                SAI1_IRQHandler
                0x0000000008001c64                RTC_Alarm_IRQHandler
 *fill*         0x0000000008001c66        0x2 
 .text.HAL_Init
                0x0000000008001c68       0x44 Drivers/STM32F4xx_HAL_Driver/Src/stm32f4xx_hal.o
                0x0000000008001c68                HAL_Init
 .text.HAL_InitTick
                0x0000000008001cac       0x60 Drivers/STM32F4xx_HAL_Driver/Src/stm32f4xx_hal.o
                0x0000000008001cac                HAL_InitTick
 .text.HAL_GetTick
                0x0000000008001d0c       0x18 Drivers/STM32F4xx_HAL_Driver/Src/stm32f4xx_hal.o
                0x0000000008001d0c                HAL_GetTick
 .text.__NVIC_SetPriorityGrouping
                0x0000000008001d24       0x48 Drivers/STM32F4xx_HAL_Driver/Src/stm32f4xx_hal_cortex.o
 .text.__NVIC_GetPriorityGrouping
                0x0000000008001d6c       0x1c Drivers/STM32F4xx_HAL_Driver/Src/stm32f4xx_hal_cortex.o
 .text.__NVIC_EnableIRQ
                0x0000000008001d88       0x3c Drivers/STM32F4xx_HAL_Driver/Src/stm32f4xx_hal_cortex.o
 .text.__NVIC_SetPriority
                0x0000000008001dc4       0x54 Drivers/STM32F4xx_HAL_Driver/Src/stm32f4xx_hal_cortex.o
 .text.NVIC_EncodePriority
                0x0000000008001e18       0x66 Drivers/STM32F4xx_HAL_Driver/Src/stm32f4xx_hal_cortex.o
 *fill*         0x0000000008001e7e        0x2 
 .text.SysTick_Config
                0x0000000008001e80       0x44 Drivers/STM32F4xx_HAL_Driver/Src/stm32f4xx_hal_cortex.o
 .text.HAL_NVIC_SetPriorityGrouping
                0x0000000008001ec4       0x16 Drivers/STM32F4xx_HAL_Driver/Src/stm32f4xx_hal_cortex.o
                0x0000000008001ec4                HAL_NVIC_SetPriorityGrouping
 .text.HAL_NVIC_SetPriority
                0x0000000008001eda       0x38 Drivers/STM32F4xx_HAL_Driver/Src/stm32f4xx_hal_cortex.o
                0x0000000008001eda                HAL_NVIC_SetPriority
 .text.HAL_NVIC_EnableIRQ
                0x0000000008001f12       0x1c Drivers/STM32F4xx_HAL_Driver/Src/stm32f4xx_hal_cortex.o
                0x0000000008001f12                HAL_NVIC_EnableIRQ
 .text.HAL_SYSTICK_Config
                0x0000000008001f2e       0x18 Drivers/STM32F4xx_HAL_Driver/Src/stm32f4xx_hal_cortex.o
                0x0000000008001f2e                HAL_SYSTICK_Config
 *fill*         0x0000000008001f46        0x2 
 .text.HAL_GPIO_Init
                0x0000000008001f48      0x354 Drivers/STM32F4xx_HAL_Driver/Src/stm32f4xx_hal_gpio.o
                0x0000000008001f48                HAL_GPIO_Init
 .text.HAL_GPIO_WritePin
                0x000000000800229c       0x32 Drivers/STM32F4xx_HAL_Driver/Src/stm32f4xx_hal_gpio.o
                0x000000000800229c                HAL_GPIO_WritePin
 *fill*         0x00000000080022ce        0x2 
 .text.HAL_GPIO_EXTI_IRQHandler
                0x00000000080022d0       0x30 Drivers/STM32F4xx_HAL_Driver/Src/stm32f4xx_hal_gpio.o
                0x00000000080022d0                HAL_GPIO_EXTI_IRQHandler
 .text.HAL_PWREx_EnableOverDrive
                0x0000000008002300       0xa0 Drivers/STM32F4xx_HAL_Driver/Src/stm32f4xx_hal_pwr_ex.o
                0x0000000008002300                HAL_PWREx_EnableOverDrive
 .text.HAL_RCC_OscConfig
                0x00000000080023a0      0x4e0 Drivers/STM32F4xx_HAL_Driver/Src/stm32f4xx_hal_rcc.o
                0x00000000080023a0                HAL_RCC_OscConfig
 .text.HAL_RCC_ClockConfig
                0x0000000008002880      0x1cc Drivers/STM32F4xx_HAL_Driver/Src/stm32f4xx_hal_rcc.o
                0x0000000008002880                HAL_RCC_ClockConfig
 .text.HAL_RCC_GetSysClockFreq
                0x0000000008002a4c      0x164 Drivers/STM32F4xx_HAL_Driver/Src/stm32f4xx_hal_rcc.o
                0x0000000008002a4c                HAL_RCC_GetSysClockFreq
 .text.HAL_RCC_GetHCLKFreq
                0x0000000008002bb0       0x18 Drivers/STM32F4xx_HAL_Driver/Src/stm32f4xx_hal_rcc.o
                0x0000000008002bb0                HAL_RCC_GetHCLKFreq
 .text.HAL_RCC_GetPCLK1Freq
                0x0000000008002bc8       0x28 Drivers/STM32F4xx_HAL_Driver/Src/stm32f4xx_hal_rcc.o
                0x0000000008002bc8                HAL_RCC_GetPCLK1Freq
 .text.HAL_RCC_GetPCLK2Freq
                0x0000000008002bf0       0x28 Drivers/STM32F4xx_HAL_Driver/Src/stm32f4xx_hal_rcc.o
                0x0000000008002bf0                HAL_RCC_GetPCLK2Freq
 .text.HAL_UART_Init
                0x0000000008002c18       0x9a Drivers/STM32F4xx_HAL_Driver/Src/stm32f4xx_hal_uart.o
                0x0000000008002c18                HAL_UART_Init
 .text.HAL_UART_Transmit
                0x0000000008002cb2      0x132 Drivers/STM32F4xx_HAL_Driver/Src/stm32f4xx_hal_uart.o
                0x0000000008002cb2                HAL_UART_Transmit
 .text.UART_WaitOnFlagUntilTimeout
                0x0000000008002de4       0x94 Drivers/STM32F4xx_HAL_Driver/Src/stm32f4xx_hal_uart.o
 .text.UART_SetConfig
                0x0000000008002e78      0x6f8 Drivers/STM32F4xx_HAL_Driver/Src/stm32f4xx_hal_uart.o
 .text.__errno  0x0000000008003570        0xc /Applications/STM32CubeIDE.app/Contents/Eclipse/plugins/com.st.stm32cube.ide.mcu.externaltools.gnu-tools-for-stm32.7-2018-q2-update.macos64_1.5.0.202011040924/tools/bin/../lib/gcc/arm-none-eabi/7.3.1/../../../../arm-none-eabi/lib/thumb/v7e-m/fpv4-sp/hard/libc_nano.a(lib_a-errno.o)
                0x0000000008003570                __errno
 .text.__libc_init_array
                0x000000000800357c       0x48 /Applications/STM32CubeIDE.app/Contents/Eclipse/plugins/com.st.stm32cube.ide.mcu.externaltools.gnu-tools-for-stm32.7-2018-q2-update.macos64_1.5.0.202011040924/tools/bin/../lib/gcc/arm-none-eabi/7.3.1/../../../../arm-none-eabi/lib/thumb/v7e-m/fpv4-sp/hard/libc_nano.a(lib_a-init.o)
                0x000000000800357c                __libc_init_array
 .text.memcpy   0x00000000080035c4       0x16 /Applications/STM32CubeIDE.app/Contents/Eclipse/plugins/com.st.stm32cube.ide.mcu.externaltools.gnu-tools-for-stm32.7-2018-q2-update.macos64_1.5.0.202011040924/tools/bin/../lib/gcc/arm-none-eabi/7.3.1/../../../../arm-none-eabi/lib/thumb/v7e-m/fpv4-sp/hard/libc_nano.a(lib_a-memcpy-stub.o)
                0x00000000080035c4                memcpy
 .text.memset   0x00000000080035da       0x10 /Applications/STM32CubeIDE.app/Contents/Eclipse/plugins/com.st.stm32cube.ide.mcu.externaltools.gnu-tools-for-stm32.7-2018-q2-update.macos64_1.5.0.202011040924/tools/bin/../lib/gcc/arm-none-eabi/7.3.1/../../../../arm-none-eabi/lib/thumb/v7e-m/fpv4-sp/hard/libc_nano.a(lib_a-memset.o)
                0x00000000080035da                memset
 .text.strncpy  0x00000000080035ea       0x2a /Applications/STM32CubeIDE.app/Contents/Eclipse/plugins/com.st.stm32cube.ide.mcu.externaltools.gnu-tools-for-stm32.7-2018-q2-update.macos64_1.5.0.202011040924/tools/bin/../lib/gcc/arm-none-eabi/7.3.1/../../../../arm-none-eabi/lib/thumb/v7e-m/fpv4-sp/hard/libc_nano.a(lib_a-strncpy.o)
                0x00000000080035ea                strncpy
 .text._vsnprintf_r
                0x0000000008003614       0x58 /Applications/STM32CubeIDE.app/Contents/Eclipse/plugins/com.st.stm32cube.ide.mcu.externaltools.gnu-tools-for-stm32.7-2018-q2-update.macos64_1.5.0.202011040924/tools/bin/../lib/gcc/arm-none-eabi/7.3.1/../../../../arm-none-eabi/lib/thumb/v7e-m/fpv4-sp/hard/libc_nano.a(lib_a-vsnprintf.o)
                0x0000000008003614                _vsnprintf_r
                0x0000000008003614                _vsniprintf_r
 .text.vsnprintf
                0x000000000800366c       0x1c /Applications/STM32CubeIDE.app/Contents/Eclipse/plugins/com.st.stm32cube.ide.mcu.externaltools.gnu-tools-for-stm32.7-2018-q2-update.macos64_1.5.0.202011040924/tools/bin/../lib/gcc/arm-none-eabi/7.3.1/../../../../arm-none-eabi/lib/thumb/v7e-m/fpv4-sp/hard/libc_nano.a(lib_a-vsnprintf.o)
                0x000000000800366c                vsnprintf
                0x000000000800366c                vsniprintf
 .text.__ssputs_r
                0x0000000008003688       0xb4 /Applications/STM32CubeIDE.app/Contents/Eclipse/plugins/com.st.stm32cube.ide.mcu.externaltools.gnu-tools-for-stm32.7-2018-q2-update.macos64_1.5.0.202011040924/tools/bin/../lib/gcc/arm-none-eabi/7.3.1/../../../../arm-none-eabi/lib/thumb/v7e-m/fpv4-sp/hard/libc_nano.a(lib_a-nano-svfprintf.o)
                0x0000000008003688                __ssputs_r
 .text._svfprintf_r
                0x000000000800373c      0x1f0 /Applications/STM32CubeIDE.app/Contents/Eclipse/plugins/com.st.stm32cube.ide.mcu.externaltools.gnu-tools-for-stm32.7-2018-q2-update.macos64_1.5.0.202011040924/tools/bin/../lib/gcc/arm-none-eabi/7.3.1/../../../../arm-none-eabi/lib/thumb/v7e-m/fpv4-sp/hard/libc_nano.a(lib_a-nano-svfprintf.o)
                0x000000000800373c                _svfprintf_r
                0x000000000800373c                _svfiprintf_r
 .text._printf_common
                0x000000000800392c       0xea /Applications/STM32CubeIDE.app/Contents/Eclipse/plugins/com.st.stm32cube.ide.mcu.externaltools.gnu-tools-for-stm32.7-2018-q2-update.macos64_1.5.0.202011040924/tools/bin/../lib/gcc/arm-none-eabi/7.3.1/../../../../arm-none-eabi/lib/thumb/v7e-m/fpv4-sp/hard/libc_nano.a(lib_a-nano-vfprintf_i.o)
                0x000000000800392c                _printf_common
 *fill*         0x0000000008003a16        0x2 
 .text._printf_i
                0x0000000008003a18      0x224 /Applications/STM32CubeIDE.app/Contents/Eclipse/plugins/com.st.stm32cube.ide.mcu.externaltools.gnu-tools-for-stm32.7-2018-q2-update.macos64_1.5.0.202011040924/tools/bin/../lib/gcc/arm-none-eabi/7.3.1/../../../../arm-none-eabi/lib/thumb/v7e-m/fpv4-sp/hard/libc_nano.a(lib_a-nano-vfprintf_i.o)
                0x0000000008003a18                _printf_i
 .text.memmove  0x0000000008003c3c       0x32 /Applications/STM32CubeIDE.app/Contents/Eclipse/plugins/com.st.stm32cube.ide.mcu.externaltools.gnu-tools-for-stm32.7-2018-q2-update.macos64_1.5.0.202011040924/tools/bin/../lib/gcc/arm-none-eabi/7.3.1/../../../../arm-none-eabi/lib/thumb/v7e-m/fpv4-sp/hard/libc_nano.a(lib_a-memmove.o)
                0x0000000008003c3c                memmove
 *fill*         0x0000000008003c6e        0x2 
 .text._free_r  0x0000000008003c70       0x9c /Applications/STM32CubeIDE.app/Contents/Eclipse/plugins/com.st.stm32cube.ide.mcu.externaltools.gnu-tools-for-stm32.7-2018-q2-update.macos64_1.5.0.202011040924/tools/bin/../lib/gcc/arm-none-eabi/7.3.1/../../../../arm-none-eabi/lib/thumb/v7e-m/fpv4-sp/hard/libc_nano.a(lib_a-nano-freer.o)
                0x0000000008003c70                _free_r
 .text._malloc_r
                0x0000000008003d0c       0xb4 /Applications/STM32CubeIDE.app/Contents/Eclipse/plugins/com.st.stm32cube.ide.mcu.externaltools.gnu-tools-for-stm32.7-2018-q2-update.macos64_1.5.0.202011040924/tools/bin/../lib/gcc/arm-none-eabi/7.3.1/../../../../arm-none-eabi/lib/thumb/v7e-m/fpv4-sp/hard/libc_nano.a(lib_a-nano-mallocr.o)
                0x0000000008003d0c                _malloc_r
 .text._realloc_r
                0x0000000008003dc0       0x4c /Applications/STM32CubeIDE.app/Contents/Eclipse/plugins/com.st.stm32cube.ide.mcu.externaltools.gnu-tools-for-stm32.7-2018-q2-update.macos64_1.5.0.202011040924/tools/bin/../lib/gcc/arm-none-eabi/7.3.1/../../../../arm-none-eabi/lib/thumb/v7e-m/fpv4-sp/hard/libc_nano.a(lib_a-nano-reallocr.o)
                0x0000000008003dc0                _realloc_r
 .text._sbrk_r  0x0000000008003e0c       0x20 /Applications/STM32CubeIDE.app/Contents/Eclipse/plugins/com.st.stm32cube.ide.mcu.externaltools.gnu-tools-for-stm32.7-2018-q2-update.macos64_1.5.0.202011040924/tools/bin/../lib/gcc/arm-none-eabi/7.3.1/../../../../arm-none-eabi/lib/thumb/v7e-m/fpv4-sp/hard/libc_nano.a(lib_a-sbrkr.o)
                0x0000000008003e0c                _sbrk_r
 .text.__malloc_lock
                0x0000000008003e2c        0x2 /Applications/STM32CubeIDE.app/Contents/Eclipse/plugins/com.st.stm32cube.ide.mcu.externaltools.gnu-tools-for-stm32.7-2018-q2-update.macos64_1.5.0.202011040924/tools/bin/../lib/gcc/arm-none-eabi/7.3.1/../../../../arm-none-eabi/lib/thumb/v7e-m/fpv4-sp/hard/libc_nano.a(lib_a-mlock.o)
                0x0000000008003e2c                __malloc_lock
 .text.__malloc_unlock
                0x0000000008003e2e        0x2 /Applications/STM32CubeIDE.app/Contents/Eclipse/plugins/com.st.stm32cube.ide.mcu.externaltools.gnu-tools-for-stm32.7-2018-q2-update.macos64_1.5.0.202011040924/tools/bin/../lib/gcc/arm-none-eabi/7.3.1/../../../../arm-none-eabi/lib/thumb/v7e-m/fpv4-sp/hard/libc_nano.a(lib_a-mlock.o)
                0x0000000008003e2e                __malloc_unlock
 .text._malloc_usable_size_r
                0x0000000008003e30       0x10 /Applications/STM32CubeIDE.app/Contents/Eclipse/plugins/com.st.stm32cube.ide.mcu.externaltools.gnu-tools-for-stm32.7-2018-q2-update.macos64_1.5.0.202011040924/tools/bin/../lib/gcc/arm-none-eabi/7.3.1/../../../../arm-none-eabi/lib/thumb/v7e-m/fpv4-sp/hard/libc_nano.a(lib_a-nano-msizer.o)
                0x0000000008003e30                _malloc_usable_size_r
 *(.glue_7)
 .glue_7        0x0000000008003e40        0x0 linker stubs
 *(.glue_7t)
 .glue_7t       0x0000000008003e40        0x0 linker stubs
 *(.eh_frame)
 .eh_frame      0x0000000008003e40        0x0 /Applications/STM32CubeIDE.app/Contents/Eclipse/plugins/com.st.stm32cube.ide.mcu.externaltools.gnu-tools-for-stm32.7-2018-q2-update.macos64_1.5.0.202011040924/tools/bin/../lib/gcc/arm-none-eabi/7.3.1/thumb/v7e-m/fpv4-sp/hard/crtbegin.o
 *(.init)
 .init          0x0000000008003e40        0x4 /Applications/STM32CubeIDE.app/Contents/Eclipse/plugins/com.st.stm32cube.ide.mcu.externaltools.gnu-tools-for-stm32.7-2018-q2-update.macos64_1.5.0.202011040924/tools/bin/../lib/gcc/arm-none-eabi/7.3.1/thumb/v7e-m/fpv4-sp/hard/crti.o
                0x0000000008003e40                _init
 .init          0x0000000008003e44        0x8 /Applications/STM32CubeIDE.app/Contents/Eclipse/plugins/com.st.stm32cube.ide.mcu.externaltools.gnu-tools-for-stm32.7-2018-q2-update.macos64_1.5.0.202011040924/tools/bin/../lib/gcc/arm-none-eabi/7.3.1/thumb/v7e-m/fpv4-sp/hard/crtn.o
 *(.fini)
 .fini          0x0000000008003e4c        0x4 /Applications/STM32CubeIDE.app/Contents/Eclipse/plugins/com.st.stm32cube.ide.mcu.externaltools.gnu-tools-for-stm32.7-2018-q2-update.macos64_1.5.0.202011040924/tools/bin/../lib/gcc/arm-none-eabi/7.3.1/thumb/v7e-m/fpv4-sp/hard/crti.o
                0x0000000008003e4c                _fini
 .fini          0x0000000008003e50        0x8 /Applications/STM32CubeIDE.app/Contents/Eclipse/plugins/com.st.stm32cube.ide.mcu.externaltools.gnu-tools-for-stm32.7-2018-q2-update.macos64_1.5.0.202011040924/tools/bin/../lib/gcc/arm-none-eabi/7.3.1/thumb/v7e-m/fpv4-sp/hard/crtn.o
                0x0000000008003e58                . = ALIGN (0x4)
                0x0000000008003e58                _etext = .

.vfp11_veneer   0x0000000008003e58        0x0
 .vfp11_veneer  0x0000000008003e58        0x0 linker stubs

.v4_bx          0x0000000008003e58        0x0
 .v4_bx         0x0000000008003e58        0x0 linker stubs

.iplt           0x0000000008003e58        0x0
 .iplt          0x0000000008003e58        0x0 /Applications/STM32CubeIDE.app/Contents/Eclipse/plugins/com.st.stm32cube.ide.mcu.externaltools.gnu-tools-for-stm32.7-2018-q2-update.macos64_1.5.0.202011040924/tools/bin/../lib/gcc/arm-none-eabi/7.3.1/thumb/v7e-m/fpv4-sp/hard/crtbegin.o

.rodata         0x0000000008003e58      0x254
                0x0000000008003e58                . = ALIGN (0x4)
 *(.rodata)
 .rodata        0x0000000008003e58       0x13 Core/Src/gpio.o
 *fill*         0x0000000008003e6b        0x1 
 .rodata        0x0000000008003e6c       0xc6 Core/Src/kernel_src/common.o
 *fill*         0x0000000008003f32        0x2 
 .rodata        0x0000000008003f34       0xdc Core/Src/kernel_src/task.o
 .rodata        0x0000000008004010       0x4e Core/Src/kernel_src/sample_code/task_sample.o
 *(.rodata*)
 *fill*         0x000000000800405e        0x2 
 .rodata.AHBPrescTable
                0x0000000008004060       0x10 Core/Src/system_stm32f4xx.o
                0x0000000008004060                AHBPrescTable
 .rodata.APBPrescTable
                0x0000000008004070        0x8 Core/Src/system_stm32f4xx.o
                0x0000000008004070                APBPrescTable
 .rodata._svfprintf_r.str1.1
                0x0000000008004078       0x11 /Applications/STM32CubeIDE.app/Contents/Eclipse/plugins/com.st.stm32cube.ide.mcu.externaltools.gnu-tools-for-stm32.7-2018-q2-update.macos64_1.5.0.202011040924/tools/bin/../lib/gcc/arm-none-eabi/7.3.1/../../../../arm-none-eabi/lib/thumb/v7e-m/fpv4-sp/hard/libc_nano.a(lib_a-nano-svfprintf.o)
 .rodata._printf_i.str1.1
                0x0000000008004089       0x22 /Applications/STM32CubeIDE.app/Contents/Eclipse/plugins/com.st.stm32cube.ide.mcu.externaltools.gnu-tools-for-stm32.7-2018-q2-update.macos64_1.5.0.202011040924/tools/bin/../lib/gcc/arm-none-eabi/7.3.1/../../../../arm-none-eabi/lib/thumb/v7e-m/fpv4-sp/hard/libc_nano.a(lib_a-nano-vfprintf_i.o)
                0x00000000080040ac                . = ALIGN (0x4)
 *fill*         0x00000000080040ab        0x1 

.ARM.extab      0x00000000080040ac        0x0
                0x00000000080040ac                . = ALIGN (0x4)
 *(.ARM.extab* .gnu.linkonce.armextab.*)
                0x00000000080040ac                . = ALIGN (0x4)

.ARM            0x00000000080040ac        0x8
                0x00000000080040ac                . = ALIGN (0x4)
                0x00000000080040ac                __exidx_start = .
 *(.ARM.exidx*)
 .ARM.exidx     0x00000000080040ac        0x8 /Applications/STM32CubeIDE.app/Contents/Eclipse/plugins/com.st.stm32cube.ide.mcu.externaltools.gnu-tools-for-stm32.7-2018-q2-update.macos64_1.5.0.202011040924/tools/bin/../lib/gcc/arm-none-eabi/7.3.1/thumb/v7e-m/fpv4-sp/hard/libgcc.a(_udivmoddi4.o)
                0x00000000080040b4                __exidx_end = .
                0x00000000080040b4                . = ALIGN (0x4)

.rel.dyn        0x00000000080040b4        0x0
 .rel.iplt      0x00000000080040b4        0x0 /Applications/STM32CubeIDE.app/Contents/Eclipse/plugins/com.st.stm32cube.ide.mcu.externaltools.gnu-tools-for-stm32.7-2018-q2-update.macos64_1.5.0.202011040924/tools/bin/../lib/gcc/arm-none-eabi/7.3.1/thumb/v7e-m/fpv4-sp/hard/crtbegin.o

.preinit_array  0x00000000080040b4        0x0
                0x00000000080040b4                . = ALIGN (0x4)
                0x00000000080040b4                PROVIDE (__preinit_array_start = .)
 *(.preinit_array*)
                0x00000000080040b4                PROVIDE (__preinit_array_end = .)
                0x00000000080040b4                . = ALIGN (0x4)

.init_array     0x00000000080040b4        0x4
                0x00000000080040b4                . = ALIGN (0x4)
                0x00000000080040b4                PROVIDE (__init_array_start = .)
 *(SORT_BY_NAME(.init_array.*))
 *(.init_array*)
 .init_array    0x00000000080040b4        0x4 /Applications/STM32CubeIDE.app/Contents/Eclipse/plugins/com.st.stm32cube.ide.mcu.externaltools.gnu-tools-for-stm32.7-2018-q2-update.macos64_1.5.0.202011040924/tools/bin/../lib/gcc/arm-none-eabi/7.3.1/thumb/v7e-m/fpv4-sp/hard/crtbegin.o
                0x00000000080040b8                PROVIDE (__init_array_end = .)
                0x00000000080040b8                . = ALIGN (0x4)

.fini_array     0x00000000080040b8        0x4
                0x00000000080040b8                . = ALIGN (0x4)
                [!provide]                        PROVIDE (__fini_array_start = .)
 *(SORT_BY_NAME(.fini_array.*))
 *(.fini_array*)
 .fini_array    0x00000000080040b8        0x4 /Applications/STM32CubeIDE.app/Contents/Eclipse/plugins/com.st.stm32cube.ide.mcu.externaltools.gnu-tools-for-stm32.7-2018-q2-update.macos64_1.5.0.202011040924/tools/bin/../lib/gcc/arm-none-eabi/7.3.1/thumb/v7e-m/fpv4-sp/hard/crtbegin.o
                [!provide]                        PROVIDE (__fini_array_end = .)
                0x00000000080040bc                . = ALIGN (0x4)
                0x00000000080040bc                _sidata = LOADADDR (.data)

.data           0x0000000020000000       0x8c load address 0x00000000080040bc
                0x0000000020000000                . = ALIGN (0x4)
                0x0000000020000000                _sdata = .
 *(.data)
 *(.data*)
 .data.SystemCoreClock
                0x0000000020000000        0x4 Core/Src/system_stm32f4xx.o
                0x0000000020000000                SystemCoreClock
 .data.g_timer_list_head
                0x0000000020000004        0x8 Core/Src/kernel_src/soft_timer.o
                0x0000000020000004                g_timer_list_head
 .data.g_prio_list_head
                0x000000002000000c        0x8 Core/Src/kernel_src/task.o
                0x000000002000000c                g_prio_list_head
 .data.t1       0x0000000020000014        0x4 Core/Src/kernel_src/sample_code/task_sample.o
 .data.t2       0x0000000020000018        0x4 Core/Src/kernel_src/sample_code/task_sample.o
 .data.t3       0x000000002000001c        0x4 Core/Src/kernel_src/sample_code/task_sample.o
 .data.uwTickPrio
                0x0000000020000020        0x4 Drivers/STM32F4xx_HAL_Driver/Src/stm32f4xx_hal.o
                0x0000000020000020                uwTickPrio
 .data.uwTickFreq
                0x0000000020000024        0x1 Drivers/STM32F4xx_HAL_Driver/Src/stm32f4xx_hal.o
                0x0000000020000024                uwTickFreq
 *fill*         0x0000000020000025        0x3 
 .data._impure_ptr
                0x0000000020000028        0x4 /Applications/STM32CubeIDE.app/Contents/Eclipse/plugins/com.st.stm32cube.ide.mcu.externaltools.gnu-tools-for-stm32.7-2018-q2-update.macos64_1.5.0.202011040924/tools/bin/../lib/gcc/arm-none-eabi/7.3.1/../../../../arm-none-eabi/lib/thumb/v7e-m/fpv4-sp/hard/libc_nano.a(lib_a-impure.o)
                0x0000000020000028                _impure_ptr
 .data.impure_data
                0x000000002000002c       0x60 /Applications/STM32CubeIDE.app/Contents/Eclipse/plugins/com.st.stm32cube.ide.mcu.externaltools.gnu-tools-for-stm32.7-2018-q2-update.macos64_1.5.0.202011040924/tools/bin/../lib/gcc/arm-none-eabi/7.3.1/../../../../arm-none-eabi/lib/thumb/v7e-m/fpv4-sp/hard/libc_nano.a(lib_a-impure.o)
 *(.RamFunc)
 *(.RamFunc*)
                0x000000002000008c                . = ALIGN (0x4)
                0x000000002000008c                _edata = .

.igot.plt       0x000000002000008c        0x0 load address 0x0000000008004148
 .igot.plt      0x000000002000008c        0x0 /Applications/STM32CubeIDE.app/Contents/Eclipse/plugins/com.st.stm32cube.ide.mcu.externaltools.gnu-tools-for-stm32.7-2018-q2-update.macos64_1.5.0.202011040924/tools/bin/../lib/gcc/arm-none-eabi/7.3.1/thumb/v7e-m/fpv4-sp/hard/crtbegin.o
                0x000000002000008c                . = ALIGN (0x4)

.bss            0x000000002000008c      0x114 load address 0x0000000008004148
                0x000000002000008c                _sbss = .
                0x000000002000008c                __bss_start__ = _sbss
 *(.bss)
 .bss           0x000000002000008c       0x1c /Applications/STM32CubeIDE.app/Contents/Eclipse/plugins/com.st.stm32cube.ide.mcu.externaltools.gnu-tools-for-stm32.7-2018-q2-update.macos64_1.5.0.202011040924/tools/bin/../lib/gcc/arm-none-eabi/7.3.1/thumb/v7e-m/fpv4-sp/hard/crtbegin.o
 *(.bss*)
 .bss.__sbrk_heap_end
                0x00000000200000a8        0x4 Core/Src/sysmem.o
 .bss.g_cur_task
                0x00000000200000ac        0x4 Core/Src/kernel_src/task.o
 .bss.g_next_task
                0x00000000200000b0        0x4 Core/Src/kernel_src/task.o
 .bss.g_idle_handle
                0x00000000200000b4       0x7c Core/Src/kernel_src/task.o
 .bss.__malloc_free_list
                0x0000000020000130        0x4 /Applications/STM32CubeIDE.app/Contents/Eclipse/plugins/com.st.stm32cube.ide.mcu.externaltools.gnu-tools-for-stm32.7-2018-q2-update.macos64_1.5.0.202011040924/tools/bin/../lib/gcc/arm-none-eabi/7.3.1/../../../../arm-none-eabi/lib/thumb/v7e-m/fpv4-sp/hard/libc_nano.a(lib_a-nano-mallocr.o)
                0x0000000020000130                __malloc_free_list
 .bss.__malloc_sbrk_start
                0x0000000020000134        0x4 /Applications/STM32CubeIDE.app/Contents/Eclipse/plugins/com.st.stm32cube.ide.mcu.externaltools.gnu-tools-for-stm32.7-2018-q2-update.macos64_1.5.0.202011040924/tools/bin/../lib/gcc/arm-none-eabi/7.3.1/../../../../arm-none-eabi/lib/thumb/v7e-m/fpv4-sp/hard/libc_nano.a(lib_a-nano-mallocr.o)
                0x0000000020000134                __malloc_sbrk_start
 *(COMMON)
 COMMON         0x0000000020000138       0x40 Core/Src/usart.o
                0x0000000020000138                huart1
 COMMON         0x0000000020000178       0x20 Core/Src/kernel_src/common.o
                0x0000000020000178                heap_start
                0x000000002000017c                heap_end
                0x0000000020000180                heap_mutex
 COMMON         0x0000000020000198        0x4 Drivers/STM32F4xx_HAL_Driver/Src/stm32f4xx_hal.o
                0x0000000020000198                uwTick
 COMMON         0x000000002000019c        0x4 /Applications/STM32CubeIDE.app/Contents/Eclipse/plugins/com.st.stm32cube.ide.mcu.externaltools.gnu-tools-for-stm32.7-2018-q2-update.macos64_1.5.0.202011040924/tools/bin/../lib/gcc/arm-none-eabi/7.3.1/../../../../arm-none-eabi/lib/thumb/v7e-m/fpv4-sp/hard/libc_nano.a(lib_a-reent.o)
                0x000000002000019c                errno
                0x00000000200001a0                . = ALIGN (0x4)
                0x00000000200001a0                _ebss = .
                0x00000000200001a0                __bss_end__ = _ebss

._user_heap_stack
                0x00000000200001a0      0x600 load address 0x0000000008004148
                0x00000000200001a0                . = ALIGN (0x8)
                [!provide]                        PROVIDE (end = .)
                0x00000000200001a0                PROVIDE (_end = .)
                0x00000000200003a0                . = (. + _Min_Heap_Size)
 *fill*         0x00000000200001a0      0x200 
                0x00000000200007a0                . = (. + _Min_Stack_Size)
 *fill*         0x00000000200003a0      0x400 
                0x00000000200007a0                . = ALIGN (0x8)

/DISCARD/
 libc.a(*)
 libm.a(*)
 libgcc.a(*)

.ARM.attributes
                0x0000000000000000       0x30
 *(.ARM.attributes)
 .ARM.attributes
                0x0000000000000000       0x22 /Applications/STM32CubeIDE.app/Contents/Eclipse/plugins/com.st.stm32cube.ide.mcu.externaltools.gnu-tools-for-stm32.7-2018-q2-update.macos64_1.5.0.202011040924/tools/bin/../lib/gcc/arm-none-eabi/7.3.1/thumb/v7e-m/fpv4-sp/hard/crti.o
 .ARM.attributes
                0x0000000000000022       0x34 /Applications/STM32CubeIDE.app/Contents/Eclipse/plugins/com.st.stm32cube.ide.mcu.externaltools.gnu-tools-for-stm32.7-2018-q2-update.macos64_1.5.0.202011040924/tools/bin/../lib/gcc/arm-none-eabi/7.3.1/thumb/v7e-m/fpv4-sp/hard/crtbegin.o
 .ARM.attributes
                0x0000000000000056       0x39 Core/Src/gpio.o
 .ARM.attributes
                0x000000000000008f       0x39 Core/Src/main.o
 .ARM.attributes
                0x00000000000000c8       0x39 Core/Src/stm32f4xx_hal_msp.o
 .ARM.attributes
                0x0000000000000101       0x39 Core/Src/stm32f4xx_it.o
 .ARM.attributes
                0x000000000000013a       0x39 Core/Src/sysmem.o
 .ARM.attributes
                0x0000000000000173       0x39 Core/Src/system_stm32f4xx.o
 .ARM.attributes
                0x00000000000001ac       0x39 Core/Src/usart.o
 .ARM.attributes
                0x00000000000001e5       0x39 Core/Src/kernel_src/common.o
 .ARM.attributes
                0x000000000000021e       0x39 Core/Src/kernel_src/interrupt.o
 .ARM.attributes
                0x0000000000000257       0x39 Core/Src/kernel_src/ipc.o
 .ARM.attributes
                0x0000000000000290       0x39 Core/Src/kernel_src/soft_timer.o
 .ARM.attributes
                0x00000000000002c9       0x39 Core/Src/kernel_src/system_exception.o
 .ARM.attributes
                0x0000000000000302       0x39 Core/Src/kernel_src/task.o
 .ARM.attributes
                0x000000000000033b       0x39 Core/Src/kernel_src/sample_code/task_sample.o
 .ARM.attributes
                0x0000000000000374       0x21 Core/Startup/startup_stm32f429igtx.o
 .ARM.attributes
                0x0000000000000395       0x39 Drivers/STM32F4xx_HAL_Driver/Src/stm32f4xx_hal.o
 .ARM.attributes
                0x00000000000003ce       0x39 Drivers/STM32F4xx_HAL_Driver/Src/stm32f4xx_hal_cortex.o
 .ARM.attributes
                0x0000000000000407       0x39 Drivers/STM32F4xx_HAL_Driver/Src/stm32f4xx_hal_gpio.o
 .ARM.attributes
                0x0000000000000440       0x39 Drivers/STM32F4xx_HAL_Driver/Src/stm32f4xx_hal_pwr_ex.o
 .ARM.attributes
                0x0000000000000479       0x39 Drivers/STM32F4xx_HAL_Driver/Src/stm32f4xx_hal_rcc.o
 .ARM.attributes
                0x00000000000004b2       0x39 Drivers/STM32F4xx_HAL_Driver/Src/stm32f4xx_hal_uart.o
 .ARM.attributes
                0x00000000000004eb       0x34 /Applications/STM32CubeIDE.app/Contents/Eclipse/plugins/com.st.stm32cube.ide.mcu.externaltools.gnu-tools-for-stm32.7-2018-q2-update.macos64_1.5.0.202011040924/tools/bin/../lib/gcc/arm-none-eabi/7.3.1/../../../../arm-none-eabi/lib/thumb/v7e-m/fpv4-sp/hard/libc_nano.a(lib_a-errno.o)
 .ARM.attributes
                0x000000000000051f       0x34 /Applications/STM32CubeIDE.app/Contents/Eclipse/plugins/com.st.stm32cube.ide.mcu.externaltools.gnu-tools-for-stm32.7-2018-q2-update.macos64_1.5.0.202011040924/tools/bin/../lib/gcc/arm-none-eabi/7.3.1/../../../../arm-none-eabi/lib/thumb/v7e-m/fpv4-sp/hard/libc_nano.a(lib_a-impure.o)
 .ARM.attributes
                0x0000000000000553       0x34 /Applications/STM32CubeIDE.app/Contents/Eclipse/plugins/com.st.stm32cube.ide.mcu.externaltools.gnu-tools-for-stm32.7-2018-q2-update.macos64_1.5.0.202011040924/tools/bin/../lib/gcc/arm-none-eabi/7.3.1/../../../../arm-none-eabi/lib/thumb/v7e-m/fpv4-sp/hard/libc_nano.a(lib_a-init.o)
 .ARM.attributes
                0x0000000000000587       0x34 /Applications/STM32CubeIDE.app/Contents/Eclipse/plugins/com.st.stm32cube.ide.mcu.externaltools.gnu-tools-for-stm32.7-2018-q2-update.macos64_1.5.0.202011040924/tools/bin/../lib/gcc/arm-none-eabi/7.3.1/../../../../arm-none-eabi/lib/thumb/v7e-m/fpv4-sp/hard/libc_nano.a(lib_a-memcpy-stub.o)
 .ARM.attributes
                0x00000000000005bb       0x34 /Applications/STM32CubeIDE.app/Contents/Eclipse/plugins/com.st.stm32cube.ide.mcu.externaltools.gnu-tools-for-stm32.7-2018-q2-update.macos64_1.5.0.202011040924/tools/bin/../lib/gcc/arm-none-eabi/7.3.1/../../../../arm-none-eabi/lib/thumb/v7e-m/fpv4-sp/hard/libc_nano.a(lib_a-memset.o)
 .ARM.attributes
                0x00000000000005ef       0x1b /Applications/STM32CubeIDE.app/Contents/Eclipse/plugins/com.st.stm32cube.ide.mcu.externaltools.gnu-tools-for-stm32.7-2018-q2-update.macos64_1.5.0.202011040924/tools/bin/../lib/gcc/arm-none-eabi/7.3.1/../../../../arm-none-eabi/lib/thumb/v7e-m/fpv4-sp/hard/libc_nano.a(lib_a-strlen.o)
 .ARM.attributes
                0x000000000000060a       0x34 /Applications/STM32CubeIDE.app/Contents/Eclipse/plugins/com.st.stm32cube.ide.mcu.externaltools.gnu-tools-for-stm32.7-2018-q2-update.macos64_1.5.0.202011040924/tools/bin/../lib/gcc/arm-none-eabi/7.3.1/../../../../arm-none-eabi/lib/thumb/v7e-m/fpv4-sp/hard/libc_nano.a(lib_a-strncpy.o)
 .ARM.attributes
                0x000000000000063e       0x34 /Applications/STM32CubeIDE.app/Contents/Eclipse/plugins/com.st.stm32cube.ide.mcu.externaltools.gnu-tools-for-stm32.7-2018-q2-update.macos64_1.5.0.202011040924/tools/bin/../lib/gcc/arm-none-eabi/7.3.1/../../../../arm-none-eabi/lib/thumb/v7e-m/fpv4-sp/hard/libc_nano.a(lib_a-vsnprintf.o)
 .ARM.attributes
                0x0000000000000672       0x34 /Applications/STM32CubeIDE.app/Contents/Eclipse/plugins/com.st.stm32cube.ide.mcu.externaltools.gnu-tools-for-stm32.7-2018-q2-update.macos64_1.5.0.202011040924/tools/bin/../lib/gcc/arm-none-eabi/7.3.1/../../../../arm-none-eabi/lib/thumb/v7e-m/fpv4-sp/hard/libc_nano.a(lib_a-nano-svfprintf.o)
 .ARM.attributes
                0x00000000000006a6       0x34 /Applications/STM32CubeIDE.app/Contents/Eclipse/plugins/com.st.stm32cube.ide.mcu.externaltools.gnu-tools-for-stm32.7-2018-q2-update.macos64_1.5.0.202011040924/tools/bin/../lib/gcc/arm-none-eabi/7.3.1/../../../../arm-none-eabi/lib/thumb/v7e-m/fpv4-sp/hard/libc_nano.a(lib_a-nano-vfprintf_i.o)
 .ARM.attributes
                0x00000000000006da       0x20 /Applications/STM32CubeIDE.app/Contents/Eclipse/plugins/com.st.stm32cube.ide.mcu.externaltools.gnu-tools-for-stm32.7-2018-q2-update.macos64_1.5.0.202011040924/tools/bin/../lib/gcc/arm-none-eabi/7.3.1/../../../../arm-none-eabi/lib/thumb/v7e-m/fpv4-sp/hard/libc_nano.a(lib_a-memchr.o)
 .ARM.attributes
                0x00000000000006fa       0x34 /Applications/STM32CubeIDE.app/Contents/Eclipse/plugins/com.st.stm32cube.ide.mcu.externaltools.gnu-tools-for-stm32.7-2018-q2-update.macos64_1.5.0.202011040924/tools/bin/../lib/gcc/arm-none-eabi/7.3.1/../../../../arm-none-eabi/lib/thumb/v7e-m/fpv4-sp/hard/libc_nano.a(lib_a-memmove.o)
 .ARM.attributes
                0x000000000000072e       0x34 /Applications/STM32CubeIDE.app/Contents/Eclipse/plugins/com.st.stm32cube.ide.mcu.externaltools.gnu-tools-for-stm32.7-2018-q2-update.macos64_1.5.0.202011040924/tools/bin/../lib/gcc/arm-none-eabi/7.3.1/../../../../arm-none-eabi/lib/thumb/v7e-m/fpv4-sp/hard/libc_nano.a(lib_a-nano-freer.o)
 .ARM.attributes
                0x0000000000000762       0x34 /Applications/STM32CubeIDE.app/Contents/Eclipse/plugins/com.st.stm32cube.ide.mcu.externaltools.gnu-tools-for-stm32.7-2018-q2-update.macos64_1.5.0.202011040924/tools/bin/../lib/gcc/arm-none-eabi/7.3.1/../../../../arm-none-eabi/lib/thumb/v7e-m/fpv4-sp/hard/libc_nano.a(lib_a-nano-mallocr.o)
 .ARM.attributes
                0x0000000000000796       0x34 /Applications/STM32CubeIDE.app/Contents/Eclipse/plugins/com.st.stm32cube.ide.mcu.externaltools.gnu-tools-for-stm32.7-2018-q2-update.macos64_1.5.0.202011040924/tools/bin/../lib/gcc/arm-none-eabi/7.3.1/../../../../arm-none-eabi/lib/thumb/v7e-m/fpv4-sp/hard/libc_nano.a(lib_a-nano-reallocr.o)
 .ARM.attributes
                0x00000000000007ca       0x34 /Applications/STM32CubeIDE.app/Contents/Eclipse/plugins/com.st.stm32cube.ide.mcu.externaltools.gnu-tools-for-stm32.7-2018-q2-update.macos64_1.5.0.202011040924/tools/bin/../lib/gcc/arm-none-eabi/7.3.1/../../../../arm-none-eabi/lib/thumb/v7e-m/fpv4-sp/hard/libc_nano.a(lib_a-sbrkr.o)
 .ARM.attributes
                0x00000000000007fe       0x34 /Applications/STM32CubeIDE.app/Contents/Eclipse/plugins/com.st.stm32cube.ide.mcu.externaltools.gnu-tools-for-stm32.7-2018-q2-update.macos64_1.5.0.202011040924/tools/bin/../lib/gcc/arm-none-eabi/7.3.1/../../../../arm-none-eabi/lib/thumb/v7e-m/fpv4-sp/hard/libc_nano.a(lib_a-mlock.o)
 .ARM.attributes
                0x0000000000000832       0x34 /Applications/STM32CubeIDE.app/Contents/Eclipse/plugins/com.st.stm32cube.ide.mcu.externaltools.gnu-tools-for-stm32.7-2018-q2-update.macos64_1.5.0.202011040924/tools/bin/../lib/gcc/arm-none-eabi/7.3.1/../../../../arm-none-eabi/lib/thumb/v7e-m/fpv4-sp/hard/libc_nano.a(lib_a-nano-msizer.o)
 .ARM.attributes
                0x0000000000000866       0x34 /Applications/STM32CubeIDE.app/Contents/Eclipse/plugins/com.st.stm32cube.ide.mcu.externaltools.gnu-tools-for-stm32.7-2018-q2-update.macos64_1.5.0.202011040924/tools/bin/../lib/gcc/arm-none-eabi/7.3.1/../../../../arm-none-eabi/lib/thumb/v7e-m/fpv4-sp/hard/libc_nano.a(lib_a-reent.o)
 .ARM.attributes
                0x000000000000089a       0x22 /Applications/STM32CubeIDE.app/Contents/Eclipse/plugins/com.st.stm32cube.ide.mcu.externaltools.gnu-tools-for-stm32.7-2018-q2-update.macos64_1.5.0.202011040924/tools/bin/../lib/gcc/arm-none-eabi/7.3.1/thumb/v7e-m/fpv4-sp/hard/libgcc.a(_aeabi_uldivmod.o)
 .ARM.attributes
                0x00000000000008bc       0x34 /Applications/STM32CubeIDE.app/Contents/Eclipse/plugins/com.st.stm32cube.ide.mcu.externaltools.gnu-tools-for-stm32.7-2018-q2-update.macos64_1.5.0.202011040924/tools/bin/../lib/gcc/arm-none-eabi/7.3.1/thumb/v7e-m/fpv4-sp/hard/libgcc.a(_udivmoddi4.o)
 .ARM.attributes
                0x00000000000008f0       0x22 /Applications/STM32CubeIDE.app/Contents/Eclipse/plugins/com.st.stm32cube.ide.mcu.externaltools.gnu-tools-for-stm32.7-2018-q2-update.macos64_1.5.0.202011040924/tools/bin/../lib/gcc/arm-none-eabi/7.3.1/thumb/v7e-m/fpv4-sp/hard/libgcc.a(_dvmd_tls.o)
 .ARM.attributes
                0x0000000000000912       0x22 /Applications/STM32CubeIDE.app/Contents/Eclipse/plugins/com.st.stm32cube.ide.mcu.externaltools.gnu-tools-for-stm32.7-2018-q2-update.macos64_1.5.0.202011040924/tools/bin/../lib/gcc/arm-none-eabi/7.3.1/thumb/v7e-m/fpv4-sp/hard/crtn.o
OUTPUT(myOS.elf elf32-littlearm)

.debug_info     0x0000000000000000     0xf19e
 .debug_info    0x0000000000000000      0xf56 Core/Src/gpio.o
 .debug_info    0x0000000000000f56     0x128a Core/Src/main.o
 .debug_info    0x00000000000021e0      0xb8e Core/Src/stm32f4xx_hal_msp.o
 .debug_info    0x0000000000002d6e      0xa43 Core/Src/stm32f4xx_it.o
 .debug_info    0x00000000000037b1      0x985 Core/Src/sysmem.o
 .debug_info    0x0000000000004136      0x56e Core/Src/system_stm32f4xx.o
 .debug_info    0x00000000000046a4     0x11b8 Core/Src/usart.o
 .debug_info    0x000000000000585c      0xe11 Core/Src/kernel_src/common.o
 .debug_info    0x000000000000666d       0xbe Core/Src/kernel_src/interrupt.o
 .debug_info    0x000000000000672b     0x147c Core/Src/kernel_src/ipc.o
 .debug_info    0x0000000000007ba7      0xc8f Core/Src/kernel_src/soft_timer.o
 .debug_info    0x0000000000008836      0x8b6 Core/Src/kernel_src/system_exception.o
 .debug_info    0x00000000000090ec     0x124e Core/Src/kernel_src/task.o
 .debug_info    0x000000000000a33a      0xbab Core/Src/kernel_src/sample_code/task_sample.o
 .debug_info    0x000000000000aee5       0x22 Core/Startup/startup_stm32f429igtx.o
 .debug_info    0x000000000000af07      0x9b9 Drivers/STM32F4xx_HAL_Driver/Src/stm32f4xx_hal.o
 .debug_info    0x000000000000b8c0      0xe5e Drivers/STM32F4xx_HAL_Driver/Src/stm32f4xx_hal_cortex.o
 .debug_info    0x000000000000c71e      0x7cf Drivers/STM32F4xx_HAL_Driver/Src/stm32f4xx_hal_gpio.o
 .debug_info    0x000000000000ceed      0x747 Drivers/STM32F4xx_HAL_Driver/Src/stm32f4xx_hal_pwr_ex.o
 .debug_info    0x000000000000d634      0x91e Drivers/STM32F4xx_HAL_Driver/Src/stm32f4xx_hal_rcc.o
 .debug_info    0x000000000000df52     0x124c Drivers/STM32F4xx_HAL_Driver/Src/stm32f4xx_hal_uart.o

.debug_abbrev   0x0000000000000000     0x280f
 .debug_abbrev  0x0000000000000000      0x1f7 Core/Src/gpio.o
 .debug_abbrev  0x00000000000001f7      0x22c Core/Src/main.o
 .debug_abbrev  0x0000000000000423      0x1c5 Core/Src/stm32f4xx_hal_msp.o
 .debug_abbrev  0x00000000000005e8      0x1ad Core/Src/stm32f4xx_it.o
 .debug_abbrev  0x0000000000000795      0x19b Core/Src/sysmem.o
 .debug_abbrev  0x0000000000000930      0x12b Core/Src/system_stm32f4xx.o
 .debug_abbrev  0x0000000000000a5b      0x226 Core/Src/usart.o
 .debug_abbrev  0x0000000000000c81      0x24c Core/Src/kernel_src/common.o
 .debug_abbrev  0x0000000000000ecd       0x7d Core/Src/kernel_src/interrupt.o
 .debug_abbrev  0x0000000000000f4a      0x306 Core/Src/kernel_src/ipc.o
 .debug_abbrev  0x0000000000001250      0x244 Core/Src/kernel_src/soft_timer.o
 .debug_abbrev  0x0000000000001494      0x18c Core/Src/kernel_src/system_exception.o
 .debug_abbrev  0x0000000000001620      0x33d Core/Src/kernel_src/task.o
 .debug_abbrev  0x000000000000195d      0x1d7 Core/Src/kernel_src/sample_code/task_sample.o
 .debug_abbrev  0x0000000000001b34       0x12 Core/Startup/startup_stm32f429igtx.o
 .debug_abbrev  0x0000000000001b46      0x1c7 Drivers/STM32F4xx_HAL_Driver/Src/stm32f4xx_hal.o
 .debug_abbrev  0x0000000000001d0d      0x2fa Drivers/STM32F4xx_HAL_Driver/Src/stm32f4xx_hal_cortex.o
 .debug_abbrev  0x0000000000002007      0x1c9 Drivers/STM32F4xx_HAL_Driver/Src/stm32f4xx_hal_gpio.o
 .debug_abbrev  0x00000000000021d0      0x1b8 Drivers/STM32F4xx_HAL_Driver/Src/stm32f4xx_hal_pwr_ex.o
 .debug_abbrev  0x0000000000002388      0x245 Drivers/STM32F4xx_HAL_Driver/Src/stm32f4xx_hal_rcc.o
 .debug_abbrev  0x00000000000025cd      0x242 Drivers/STM32F4xx_HAL_Driver/Src/stm32f4xx_hal_uart.o

.debug_aranges  0x0000000000000000      0x980
 .debug_aranges
                0x0000000000000000       0x28 Core/Src/gpio.o
 .debug_aranges
                0x0000000000000028       0x30 Core/Src/main.o
 .debug_aranges
                0x0000000000000058       0x20 Core/Src/stm32f4xx_hal_msp.o
 .debug_aranges
                0x0000000000000078       0x68 Core/Src/stm32f4xx_it.o
 .debug_aranges
                0x00000000000000e0       0x20 Core/Src/sysmem.o
 .debug_aranges
                0x0000000000000100       0x28 Core/Src/system_stm32f4xx.o
 .debug_aranges
                0x0000000000000128       0x38 Core/Src/usart.o
 .debug_aranges
                0x0000000000000160       0x40 Core/Src/kernel_src/common.o
 .debug_aranges
                0x00000000000001a0       0x28 Core/Src/kernel_src/interrupt.o
 .debug_aranges
                0x00000000000001c8       0xd0 Core/Src/kernel_src/ipc.o
 .debug_aranges
                0x0000000000000298       0x68 Core/Src/kernel_src/soft_timer.o
 .debug_aranges
                0x0000000000000300       0x28 Core/Src/kernel_src/system_exception.o
 .debug_aranges
                0x0000000000000328       0xd8 Core/Src/kernel_src/task.o
 .debug_aranges
                0x0000000000000400       0x30 Core/Src/kernel_src/sample_code/task_sample.o
 .debug_aranges
                0x0000000000000430       0x28 Core/Startup/startup_stm32f429igtx.o
 .debug_aranges
                0x0000000000000458      0x100 Drivers/STM32F4xx_HAL_Driver/Src/stm32f4xx_hal.o
 .debug_aranges
                0x0000000000000558      0x118 Drivers/STM32F4xx_HAL_Driver/Src/stm32f4xx_hal_cortex.o
 .debug_aranges
                0x0000000000000670       0x58 Drivers/STM32F4xx_HAL_Driver/Src/stm32f4xx_hal_gpio.o
 .debug_aranges
                0x00000000000006c8       0x60 Drivers/STM32F4xx_HAL_Driver/Src/stm32f4xx_hal_pwr_ex.o
 .debug_aranges
                0x0000000000000728       0x88 Drivers/STM32F4xx_HAL_Driver/Src/stm32f4xx_hal_rcc.o
 .debug_aranges
                0x00000000000007b0      0x1d0 Drivers/STM32F4xx_HAL_Driver/Src/stm32f4xx_hal_uart.o

.debug_ranges   0x0000000000000000      0x850
 .debug_ranges  0x0000000000000000       0x18 Core/Src/gpio.o
 .debug_ranges  0x0000000000000018       0x20 Core/Src/main.o
 .debug_ranges  0x0000000000000038       0x10 Core/Src/stm32f4xx_hal_msp.o
 .debug_ranges  0x0000000000000048       0x58 Core/Src/stm32f4xx_it.o
 .debug_ranges  0x00000000000000a0       0x10 Core/Src/sysmem.o
 .debug_ranges  0x00000000000000b0       0x18 Core/Src/system_stm32f4xx.o
 .debug_ranges  0x00000000000000c8       0x28 Core/Src/usart.o
 .debug_ranges  0x00000000000000f0       0x30 Core/Src/kernel_src/common.o
 .debug_ranges  0x0000000000000120       0x18 Core/Src/kernel_src/interrupt.o
 .debug_ranges  0x0000000000000138       0xc0 Core/Src/kernel_src/ipc.o
 .debug_ranges  0x00000000000001f8       0x58 Core/Src/kernel_src/soft_timer.o
 .debug_ranges  0x0000000000000250       0x18 Core/Src/kernel_src/system_exception.o
 .debug_ranges  0x0000000000000268       0xe0 Core/Src/kernel_src/task.o
 .debug_ranges  0x0000000000000348       0x20 Core/Src/kernel_src/sample_code/task_sample.o
 .debug_ranges  0x0000000000000368       0x20 Core/Startup/startup_stm32f429igtx.o
 .debug_ranges  0x0000000000000388       0xf0 Drivers/STM32F4xx_HAL_Driver/Src/stm32f4xx_hal.o
 .debug_ranges  0x0000000000000478      0x108 Drivers/STM32F4xx_HAL_Driver/Src/stm32f4xx_hal_cortex.o
 .debug_ranges  0x0000000000000580       0x48 Drivers/STM32F4xx_HAL_Driver/Src/stm32f4xx_hal_gpio.o
 .debug_ranges  0x00000000000005c8       0x50 Drivers/STM32F4xx_HAL_Driver/Src/stm32f4xx_hal_pwr_ex.o
 .debug_ranges  0x0000000000000618       0x78 Drivers/STM32F4xx_HAL_Driver/Src/stm32f4xx_hal_rcc.o
 .debug_ranges  0x0000000000000690      0x1c0 Drivers/STM32F4xx_HAL_Driver/Src/stm32f4xx_hal_uart.o

.debug_macro    0x0000000000000000    0x24396
 .debug_macro   0x0000000000000000      0x323 Core/Src/gpio.o
 .debug_macro   0x0000000000000323      0xa5a Core/Src/gpio.o
 .debug_macro   0x0000000000000d7d       0x22 Core/Src/gpio.o
 .debug_macro   0x0000000000000d9f       0x40 Core/Src/gpio.o
 .debug_macro   0x0000000000000ddf       0x18 Core/Src/gpio.o
 .debug_macro   0x0000000000000df7       0x94 Core/Src/gpio.o
 .debug_macro   0x0000000000000e8b       0x3c Core/Src/gpio.o
 .debug_macro   0x0000000000000ec7       0x34 Core/Src/gpio.o
 .debug_macro   0x0000000000000efb       0x16 Core/Src/gpio.o
 .debug_macro   0x0000000000000f11       0x57 Core/Src/gpio.o
 .debug_macro   0x0000000000000f68       0x97 Core/Src/gpio.o
 .debug_macro   0x0000000000000fff      0x330 Core/Src/gpio.o
 .debug_macro   0x000000000000132f       0xfd Core/Src/gpio.o
 .debug_macro   0x000000000000142c       0x10 Core/Src/gpio.o
 .debug_macro   0x000000000000143c       0x52 Core/Src/gpio.o
 .debug_macro   0x000000000000148e       0x1f Core/Src/gpio.o
 .debug_macro   0x00000000000014ad       0x43 Core/Src/gpio.o
 .debug_macro   0x00000000000014f0       0x20 Core/Src/gpio.o
 .debug_macro   0x0000000000001510      0x1a3 Core/Src/gpio.o
 .debug_macro   0x00000000000016b3       0x10 Core/Src/gpio.o
 .debug_macro   0x00000000000016c3       0x6a Core/Src/gpio.o
 .debug_macro   0x000000000000172d       0x1c Core/Src/gpio.o
 .debug_macro   0x0000000000001749       0x52 Core/Src/gpio.o
 .debug_macro   0x000000000000179b       0x40 Core/Src/gpio.o
 .debug_macro   0x00000000000017db       0x10 Core/Src/gpio.o
 .debug_macro   0x00000000000017eb       0x40 Core/Src/gpio.o
 .debug_macro   0x000000000000182b       0xd7 Core/Src/gpio.o
 .debug_macro   0x0000000000001902       0x1c Core/Src/gpio.o
 .debug_macro   0x000000000000191e       0x3d Core/Src/gpio.o
 .debug_macro   0x000000000000195b       0x16 Core/Src/gpio.o
 .debug_macro   0x0000000000001971      0x145 Core/Src/gpio.o
 .debug_macro   0x0000000000001ab6       0xef Core/Src/gpio.o
 .debug_macro   0x0000000000001ba5      0x1df Core/Src/gpio.o
 .debug_macro   0x0000000000001d84      0x28e Core/Src/gpio.o
 .debug_macro   0x0000000000002012       0x2e Core/Src/gpio.o
 .debug_macro   0x0000000000002040       0x28 Core/Src/gpio.o
 .debug_macro   0x0000000000002068       0x1c Core/Src/gpio.o
 .debug_macro   0x0000000000002084       0x22 Core/Src/gpio.o
 .debug_macro   0x00000000000020a6       0xd9 Core/Src/gpio.o
 .debug_macro   0x000000000000217f     0x102d Core/Src/gpio.o
 .debug_macro   0x00000000000031ac      0x11f Core/Src/gpio.o
 .debug_macro   0x00000000000032cb    0x17f69 Core/Src/gpio.o
 .debug_macro   0x000000000001b234       0x43 Core/Src/gpio.o
 .debug_macro   0x000000000001b277     0x36c9 Core/Src/gpio.o
 .debug_macro   0x000000000001e940       0x54 Core/Src/gpio.o
 .debug_macro   0x000000000001e994      0xca5 Core/Src/gpio.o
 .debug_macro   0x000000000001f639      0x9fe Core/Src/gpio.o
 .debug_macro   0x0000000000020037      0x117 Core/Src/gpio.o
 .debug_macro   0x000000000002014e      0x157 Core/Src/gpio.o
 .debug_macro   0x00000000000202a5       0x27 Core/Src/gpio.o
 .debug_macro   0x00000000000202cc      0x182 Core/Src/gpio.o
 .debug_macro   0x000000000002044e      0x287 Core/Src/gpio.o
 .debug_macro   0x00000000000206d5       0x5f Core/Src/gpio.o
 .debug_macro   0x0000000000020734      0x236 Core/Src/gpio.o
 .debug_macro   0x000000000002096a      0x132 Core/Src/gpio.o
 .debug_macro   0x0000000000020a9c      0x41d Core/Src/gpio.o
 .debug_macro   0x0000000000020eb9       0x2e Core/Src/gpio.o
 .debug_macro   0x0000000000020ee7      0x11a Core/Src/gpio.o
 .debug_macro   0x0000000000021001       0xe2 Core/Src/gpio.o
 .debug_macro   0x00000000000210e3       0x89 Core/Src/gpio.o
 .debug_macro   0x000000000002116c      0x287 Core/Src/gpio.o
 .debug_macro   0x00000000000213f3      0x134 Core/Src/gpio.o
 .debug_macro   0x0000000000021527       0x16 Core/Src/gpio.o
 .debug_macro   0x000000000002153d      0x331 Core/Src/main.o
 .debug_macro   0x000000000002186e      0x319 Core/Src/stm32f4xx_hal_msp.o
 .debug_macro   0x0000000000021b87      0x323 Core/Src/stm32f4xx_it.o
 .debug_macro   0x0000000000021eaa       0xee Core/Src/sysmem.o
 .debug_macro   0x0000000000021f98      0x23b Core/Src/sysmem.o
 .debug_macro   0x00000000000221d3      0x1c0 Core/Src/system_stm32f4xx.o
 .debug_macro   0x0000000000022393       0x8e Core/Src/system_stm32f4xx.o
 .debug_macro   0x0000000000022421       0x51 Core/Src/system_stm32f4xx.o
 .debug_macro   0x0000000000022472       0xdf Core/Src/system_stm32f4xx.o
 .debug_macro   0x0000000000022551       0x5a Core/Src/system_stm32f4xx.o
 .debug_macro   0x00000000000225ab      0x323 Core/Src/usart.o
 .debug_macro   0x00000000000228ce      0x253 Core/Src/kernel_src/common.o
 .debug_macro   0x0000000000022b21       0x58 Core/Src/kernel_src/common.o
 .debug_macro   0x0000000000022b79       0x4c Core/Src/kernel_src/common.o
 .debug_macro   0x0000000000022bc5       0x16 Core/Src/kernel_src/common.o
 .debug_macro   0x0000000000022bdb       0x20 Core/Src/kernel_src/common.o
 .debug_macro   0x0000000000022bfb       0x6d Core/Src/kernel_src/interrupt.o
 .debug_macro   0x0000000000022c68      0x25f Core/Src/kernel_src/ipc.o
 .debug_macro   0x0000000000022ec7       0x46 Core/Src/kernel_src/ipc.o
 .debug_macro   0x0000000000022f0d      0x207 Core/Src/kernel_src/soft_timer.o
 .debug_macro   0x0000000000023114       0x10 Core/Src/kernel_src/soft_timer.o
 .debug_macro   0x0000000000023124      0x25f Core/Src/kernel_src/system_exception.o
 .debug_macro   0x0000000000023383      0x249 Core/Src/kernel_src/task.o
 .debug_macro   0x00000000000235cc       0x52 Core/Src/kernel_src/task.o
 .debug_macro   0x000000000002361e      0x249 Core/Src/kernel_src/sample_code/task_sample.o
 .debug_macro   0x0000000000023867      0x21a Drivers/STM32F4xx_HAL_Driver/Src/stm32f4xx_hal.o
 .debug_macro   0x0000000000023a81      0x1ba Drivers/STM32F4xx_HAL_Driver/Src/stm32f4xx_hal_cortex.o
 .debug_macro   0x0000000000023c3b      0x1f0 Drivers/STM32F4xx_HAL_Driver/Src/stm32f4xx_hal_gpio.o
 .debug_macro   0x0000000000023e2b      0x1d2 Drivers/STM32F4xx_HAL_Driver/Src/stm32f4xx_hal_pwr_ex.o
 .debug_macro   0x0000000000023ffd      0x1de Drivers/STM32F4xx_HAL_Driver/Src/stm32f4xx_hal_rcc.o
 .debug_macro   0x00000000000241db      0x1bb Drivers/STM32F4xx_HAL_Driver/Src/stm32f4xx_hal_uart.o

.debug_line     0x0000000000000000     0xa67b
 .debug_line    0x0000000000000000      0x8bd Core/Src/gpio.o
 .debug_line    0x00000000000008bd      0x8f6 Core/Src/main.o
 .debug_line    0x00000000000011b3      0x8a1 Core/Src/stm32f4xx_hal_msp.o
 .debug_line    0x0000000000001a54      0x95b Core/Src/stm32f4xx_it.o
 .debug_line    0x00000000000023af      0x503 Core/Src/sysmem.o
 .debug_line    0x00000000000028b2      0x6db Core/Src/system_stm32f4xx.o
 .debug_line    0x0000000000002f8d      0x8e8 Core/Src/usart.o
 .debug_line    0x0000000000003875      0x702 Core/Src/kernel_src/common.o
 .debug_line    0x0000000000003f77      0x3fd Core/Src/kernel_src/interrupt.o
 .debug_line    0x0000000000004374      0x92b Core/Src/kernel_src/ipc.o
 .debug_line    0x0000000000004c9f      0x6f5 Core/Src/kernel_src/soft_timer.o
 .debug_line    0x0000000000005394      0x68b Core/Src/kernel_src/system_exception.o
 .debug_line    0x0000000000005a1f      0x8f2 Core/Src/kernel_src/task.o
 .debug_line    0x0000000000006311      0x6a0 Core/Src/kernel_src/sample_code/task_sample.o
 .debug_line    0x00000000000069b1       0x85 Core/Startup/startup_stm32f429igtx.o
 .debug_line    0x0000000000006a36      0x8e9 Drivers/STM32F4xx_HAL_Driver/Src/stm32f4xx_hal.o
 .debug_line    0x000000000000731f      0x9e9 Drivers/STM32F4xx_HAL_Driver/Src/stm32f4xx_hal_cortex.o
 .debug_line    0x0000000000007d08      0x8cc Drivers/STM32F4xx_HAL_Driver/Src/stm32f4xx_hal_gpio.o
 .debug_line    0x00000000000085d4      0x7b7 Drivers/STM32F4xx_HAL_Driver/Src/stm32f4xx_hal_pwr_ex.o
 .debug_line    0x0000000000008d8b      0x91d Drivers/STM32F4xx_HAL_Driver/Src/stm32f4xx_hal_rcc.o
 .debug_line    0x00000000000096a8      0xfd3 Drivers/STM32F4xx_HAL_Driver/Src/stm32f4xx_hal_uart.o

.debug_str      0x0000000000000000    0xd20af
 .debug_str     0x0000000000000000    0xcf17e Core/Src/gpio.o
                                      0xcf4ab (size before relaxing)
 .debug_str     0x00000000000cf17e      0x561 Core/Src/main.o
                                      0xcf487 (size before relaxing)
 .debug_str     0x00000000000cf6df       0x2c Core/Src/stm32f4xx_hal_msp.o
                                      0xcee9c (size before relaxing)
 .debug_str     0x00000000000cf70b       0xd2 Core/Src/stm32f4xx_it.o
                                      0xcee40 (size before relaxing)
 .debug_str     0x00000000000cf7dd      0x4e9 Core/Src/sysmem.o
                                       0x5f69 (size before relaxing)
 .debug_str     0x00000000000cfcc6       0xd4 Core/Src/system_stm32f4xx.o
                                      0xcae0a (size before relaxing)
 .debug_str     0x00000000000cfd9a       0x57 Core/Src/usart.o
                                      0xcf37e (size before relaxing)
 .debug_str     0x00000000000cfdf1      0x8b0 Core/Src/kernel_src/common.o
                                       0x89cb (size before relaxing)
 .debug_str     0x00000000000d06a1       0x51 Core/Src/kernel_src/interrupt.o
                                       0x3c58 (size before relaxing)
 .debug_str     0x00000000000d06f2      0x274 Core/Src/kernel_src/ipc.o
                                       0x8a6b (size before relaxing)
 .debug_str     0x00000000000d0966       0x97 Core/Src/kernel_src/soft_timer.o
                                       0x864f (size before relaxing)
 .debug_str     0x00000000000d09fd       0x42 Core/Src/kernel_src/system_exception.o
                                       0x85d7 (size before relaxing)
 .debug_str     0x00000000000d0a3f      0x1c5 Core/Src/kernel_src/task.o
                                       0x8988 (size before relaxing)
 .debug_str     0x00000000000d0c04       0x72 Core/Src/kernel_src/sample_code/task_sample.o
                                       0x87b7 (size before relaxing)
 .debug_str     0x00000000000d0c76       0x36 Core/Startup/startup_stm32f429igtx.o
                                         0x76 (size before relaxing)
 .debug_str     0x00000000000d0cac      0x5c3 Drivers/STM32F4xx_HAL_Driver/Src/stm32f4xx_hal.o
                                      0xcb976 (size before relaxing)
 .debug_str     0x00000000000d126f      0x399 Drivers/STM32F4xx_HAL_Driver/Src/stm32f4xx_hal_cortex.o
                                      0xcb717 (size before relaxing)
 .debug_str     0x00000000000d1608      0x1ec Drivers/STM32F4xx_HAL_Driver/Src/stm32f4xx_hal_gpio.o
                                      0xcb049 (size before relaxing)
 .debug_str     0x00000000000d17f4      0x135 Drivers/STM32F4xx_HAL_Driver/Src/stm32f4xx_hal_pwr_ex.o
                                      0xcafed (size before relaxing)
 .debug_str     0x00000000000d1929      0x259 Drivers/STM32F4xx_HAL_Driver/Src/stm32f4xx_hal_rcc.o
                                      0xcb1f7 (size before relaxing)
 .debug_str     0x00000000000d1b82      0x52d Drivers/STM32F4xx_HAL_Driver/Src/stm32f4xx_hal_uart.o
                                      0xcb643 (size before relaxing)

.comment        0x0000000000000000       0x7b
 .comment       0x0000000000000000       0x7b Core/Src/gpio.o
                                         0x7c (size before relaxing)
 .comment       0x000000000000007b       0x7c Core/Src/main.o
 .comment       0x000000000000007b       0x7c Core/Src/stm32f4xx_hal_msp.o
 .comment       0x000000000000007b       0x7c Core/Src/stm32f4xx_it.o
 .comment       0x000000000000007b       0x7c Core/Src/sysmem.o
 .comment       0x000000000000007b       0x7c Core/Src/system_stm32f4xx.o
 .comment       0x000000000000007b       0x7c Core/Src/usart.o
 .comment       0x000000000000007b       0x7c Core/Src/kernel_src/common.o
 .comment       0x000000000000007b       0x7c Core/Src/kernel_src/interrupt.o
 .comment       0x000000000000007b       0x7c Core/Src/kernel_src/ipc.o
 .comment       0x000000000000007b       0x7c Core/Src/kernel_src/soft_timer.o
 .comment       0x000000000000007b       0x7c Core/Src/kernel_src/system_exception.o
 .comment       0x000000000000007b       0x7c Core/Src/kernel_src/task.o
 .comment       0x000000000000007b       0x7c Core/Src/kernel_src/sample_code/task_sample.o
 .comment       0x000000000000007b       0x7c Drivers/STM32F4xx_HAL_Driver/Src/stm32f4xx_hal.o
 .comment       0x000000000000007b       0x7c Drivers/STM32F4xx_HAL_Driver/Src/stm32f4xx_hal_cortex.o
 .comment       0x000000000000007b       0x7c Drivers/STM32F4xx_HAL_Driver/Src/stm32f4xx_hal_gpio.o
 .comment       0x000000000000007b       0x7c Drivers/STM32F4xx_HAL_Driver/Src/stm32f4xx_hal_pwr_ex.o
 .comment       0x000000000000007b       0x7c Drivers/STM32F4xx_HAL_Driver/Src/stm32f4xx_hal_rcc.o
 .comment       0x000000000000007b       0x7c Drivers/STM32F4xx_HAL_Driver/Src/stm32f4xx_hal_uart.o

.debug_frame    0x0000000000000000     0x2650
 .debug_frame   0x0000000000000000       0x58 Core/Src/gpio.o
 .debug_frame   0x0000000000000058       0x68 Core/Src/main.o
 .debug_frame   0x00000000000000c0       0x38 Core/Src/stm32f4xx_hal_msp.o
 .debug_frame   0x00000000000000f8      0x120 Core/Src/stm32f4xx_it.o
 .debug_frame   0x0000000000000218       0x34 Core/Src/sysmem.o
 .debug_frame   0x000000000000024c       0x58 Core/Src/system_stm32f4xx.o
 .debug_frame   0x00000000000002a4       0x98 Core/Src/usart.o
 .debug_frame   0x000000000000033c       0xdc Core/Src/kernel_src/common.o
 .debug_frame   0x0000000000000418       0x30 Core/Src/kernel_src/interrupt.o
 .debug_frame   0x0000000000000448      0x374 Core/Src/kernel_src/ipc.o
 .debug_frame   0x00000000000007bc      0x180 Core/Src/kernel_src/soft_timer.o
 .debug_frame   0x000000000000093c       0x3c Core/Src/kernel_src/system_exception.o
 .debug_frame   0x0000000000000978      0x34c Core/Src/kernel_src/task.o
 .debug_frame   0x0000000000000cc4       0x78 Core/Src/kernel_src/sample_code/task_sample.o
 .debug_frame   0x0000000000000d3c      0x3b4 Drivers/STM32F4xx_HAL_Driver/Src/stm32f4xx_hal.o
 .debug_frame   0x00000000000010f0      0x498 Drivers/STM32F4xx_HAL_Driver/Src/stm32f4xx_hal_cortex.o
 .debug_frame   0x0000000000001588      0x14c Drivers/STM32F4xx_HAL_Driver/Src/stm32f4xx_hal_gpio.o
 .debug_frame   0x00000000000016d4      0x14c Drivers/STM32F4xx_HAL_Driver/Src/stm32f4xx_hal_pwr_ex.o
 .debug_frame   0x0000000000001820      0x1f0 Drivers/STM32F4xx_HAL_Driver/Src/stm32f4xx_hal_rcc.o
 .debug_frame   0x0000000000001a10      0x844 Drivers/STM32F4xx_HAL_Driver/Src/stm32f4xx_hal_uart.o
 .debug_frame   0x0000000000002254       0x20 /Applications/STM32CubeIDE.app/Contents/Eclipse/plugins/com.st.stm32cube.ide.mcu.externaltools.gnu-tools-for-stm32.7-2018-q2-update.macos64_1.5.0.202011040924/tools/bin/../lib/gcc/arm-none-eabi/7.3.1/../../../../arm-none-eabi/lib/thumb/v7e-m/fpv4-sp/hard/libc_nano.a(lib_a-errno.o)
 .debug_frame   0x0000000000002274       0x2c /Applications/STM32CubeIDE.app/Contents/Eclipse/plugins/com.st.stm32cube.ide.mcu.externaltools.gnu-tools-for-stm32.7-2018-q2-update.macos64_1.5.0.202011040924/tools/bin/../lib/gcc/arm-none-eabi/7.3.1/../../../../arm-none-eabi/lib/thumb/v7e-m/fpv4-sp/hard/libc_nano.a(lib_a-init.o)
 .debug_frame   0x00000000000022a0       0x28 /Applications/STM32CubeIDE.app/Contents/Eclipse/plugins/com.st.stm32cube.ide.mcu.externaltools.gnu-tools-for-stm32.7-2018-q2-update.macos64_1.5.0.202011040924/tools/bin/../lib/gcc/arm-none-eabi/7.3.1/../../../../arm-none-eabi/lib/thumb/v7e-m/fpv4-sp/hard/libc_nano.a(lib_a-memcpy-stub.o)
 .debug_frame   0x00000000000022c8       0x20 /Applications/STM32CubeIDE.app/Contents/Eclipse/plugins/com.st.stm32cube.ide.mcu.externaltools.gnu-tools-for-stm32.7-2018-q2-update.macos64_1.5.0.202011040924/tools/bin/../lib/gcc/arm-none-eabi/7.3.1/../../../../arm-none-eabi/lib/thumb/v7e-m/fpv4-sp/hard/libc_nano.a(lib_a-memset.o)
 .debug_frame   0x00000000000022e8       0x2c /Applications/STM32CubeIDE.app/Contents/Eclipse/plugins/com.st.stm32cube.ide.mcu.externaltools.gnu-tools-for-stm32.7-2018-q2-update.macos64_1.5.0.202011040924/tools/bin/../lib/gcc/arm-none-eabi/7.3.1/../../../../arm-none-eabi/lib/thumb/v7e-m/fpv4-sp/hard/libc_nano.a(lib_a-strncpy.o)
 .debug_frame   0x0000000000002314       0x4c /Applications/STM32CubeIDE.app/Contents/Eclipse/plugins/com.st.stm32cube.ide.mcu.externaltools.gnu-tools-for-stm32.7-2018-q2-update.macos64_1.5.0.202011040924/tools/bin/../lib/gcc/arm-none-eabi/7.3.1/../../../../arm-none-eabi/lib/thumb/v7e-m/fpv4-sp/hard/libc_nano.a(lib_a-vsnprintf.o)
 .debug_frame   0x0000000000002360       0x90 /Applications/STM32CubeIDE.app/Contents/Eclipse/plugins/com.st.stm32cube.ide.mcu.externaltools.gnu-tools-for-stm32.7-2018-q2-update.macos64_1.5.0.202011040924/tools/bin/../lib/gcc/arm-none-eabi/7.3.1/../../../../arm-none-eabi/lib/thumb/v7e-m/fpv4-sp/hard/libc_nano.a(lib_a-nano-svfprintf.o)
 .debug_frame   0x00000000000023f0       0x60 /Applications/STM32CubeIDE.app/Contents/Eclipse/plugins/com.st.stm32cube.ide.mcu.externaltools.gnu-tools-for-stm32.7-2018-q2-update.macos64_1.5.0.202011040924/tools/bin/../lib/gcc/arm-none-eabi/7.3.1/../../../../arm-none-eabi/lib/thumb/v7e-m/fpv4-sp/hard/libc_nano.a(lib_a-nano-vfprintf_i.o)
 .debug_frame   0x0000000000002450       0x28 /Applications/STM32CubeIDE.app/Contents/Eclipse/plugins/com.st.stm32cube.ide.mcu.externaltools.gnu-tools-for-stm32.7-2018-q2-update.macos64_1.5.0.202011040924/tools/bin/../lib/gcc/arm-none-eabi/7.3.1/../../../../arm-none-eabi/lib/thumb/v7e-m/fpv4-sp/hard/libc_nano.a(lib_a-memmove.o)
 .debug_frame   0x0000000000002478       0x38 /Applications/STM32CubeIDE.app/Contents/Eclipse/plugins/com.st.stm32cube.ide.mcu.externaltools.gnu-tools-for-stm32.7-2018-q2-update.macos64_1.5.0.202011040924/tools/bin/../lib/gcc/arm-none-eabi/7.3.1/../../../../arm-none-eabi/lib/thumb/v7e-m/fpv4-sp/hard/libc_nano.a(lib_a-nano-freer.o)
 .debug_frame   0x00000000000024b0       0x2c /Applications/STM32CubeIDE.app/Contents/Eclipse/plugins/com.st.stm32cube.ide.mcu.externaltools.gnu-tools-for-stm32.7-2018-q2-update.macos64_1.5.0.202011040924/tools/bin/../lib/gcc/arm-none-eabi/7.3.1/../../../../arm-none-eabi/lib/thumb/v7e-m/fpv4-sp/hard/libc_nano.a(lib_a-nano-mallocr.o)
 .debug_frame   0x00000000000024dc       0x3c /Applications/STM32CubeIDE.app/Contents/Eclipse/plugins/com.st.stm32cube.ide.mcu.externaltools.gnu-tools-for-stm32.7-2018-q2-update.macos64_1.5.0.202011040924/tools/bin/../lib/gcc/arm-none-eabi/7.3.1/../../../../arm-none-eabi/lib/thumb/v7e-m/fpv4-sp/hard/libc_nano.a(lib_a-nano-reallocr.o)
 .debug_frame   0x0000000000002518       0x2c /Applications/STM32CubeIDE.app/Contents/Eclipse/plugins/com.st.stm32cube.ide.mcu.externaltools.gnu-tools-for-stm32.7-2018-q2-update.macos64_1.5.0.202011040924/tools/bin/../lib/gcc/arm-none-eabi/7.3.1/../../../../arm-none-eabi/lib/thumb/v7e-m/fpv4-sp/hard/libc_nano.a(lib_a-sbrkr.o)
 .debug_frame   0x0000000000002544       0x30 /Applications/STM32CubeIDE.app/Contents/Eclipse/plugins/com.st.stm32cube.ide.mcu.externaltools.gnu-tools-for-stm32.7-2018-q2-update.macos64_1.5.0.202011040924/tools/bin/../lib/gcc/arm-none-eabi/7.3.1/../../../../arm-none-eabi/lib/thumb/v7e-m/fpv4-sp/hard/libc_nano.a(lib_a-mlock.o)
 .debug_frame   0x0000000000002574       0x20 /Applications/STM32CubeIDE.app/Contents/Eclipse/plugins/com.st.stm32cube.ide.mcu.externaltools.gnu-tools-for-stm32.7-2018-q2-update.macos64_1.5.0.202011040924/tools/bin/../lib/gcc/arm-none-eabi/7.3.1/../../../../arm-none-eabi/lib/thumb/v7e-m/fpv4-sp/hard/libc_nano.a(lib_a-nano-msizer.o)
 .debug_frame   0x0000000000002594       0x5c /Applications/STM32CubeIDE.app/Contents/Eclipse/plugins/com.st.stm32cube.ide.mcu.externaltools.gnu-tools-for-stm32.7-2018-q2-update.macos64_1.5.0.202011040924/tools/bin/../lib/gcc/arm-none-eabi/7.3.1/../../../../arm-none-eabi/lib/thumb/v7e-m/fpv4-sp/hard/libc_nano.a(lib_a-reent.o)
 .debug_frame   0x00000000000025f0       0x2c /Applications/STM32CubeIDE.app/Contents/Eclipse/plugins/com.st.stm32cube.ide.mcu.externaltools.gnu-tools-for-stm32.7-2018-q2-update.macos64_1.5.0.202011040924/tools/bin/../lib/gcc/arm-none-eabi/7.3.1/thumb/v7e-m/fpv4-sp/hard/libgcc.a(_aeabi_uldivmod.o)
 .debug_frame   0x000000000000261c       0x34 /Applications/STM32CubeIDE.app/Contents/Eclipse/plugins/com.st.stm32cube.ide.mcu.externaltools.gnu-tools-for-stm32.7-2018-q2-update.macos64_1.5.0.202011040924/tools/bin/../lib/gcc/arm-none-eabi/7.3.1/thumb/v7e-m/fpv4-sp/hard/libgcc.a(_udivmoddi4.o)
