common.h:73:20:__list_add	24	static
common.h:92:20:list_add_between	24	static
common.h:107:20:list_add_after	16	static
common.h:121:20:list_add_before	16	static
common.h:135:20:__list_del	16	static
common.h:149:20:list_del	16	static
task.c:19:15:create_prio_list_entry	24	static
task.c:39:6:insert_task_to_list	56	static
task.c:104:7:task_create_static	32	static
task.c:174:7:task_create	48	static
task.c:196:6:idle_entry	16	static
task.c:208:7:idle_task_create	32	static
task.c:229:11:get_next_psp	4	static
task.c:241:11:get_current_psp	4	static
task.c:253:6:save_current_psp	16	static
task.c:265:6:update_cur_with_next	4	static
task.c:277:6:get_next_task	32	static
task.c:311:6:task_schedule	16	static
task.c:332:6:task_delay	16	static
task.c:347:6:show_task_info	32	static
task.c:373:6:update_task_state	40	static
task.c:409:29:switch_msp_to_psp	0	static,ignoring_inline_asm
task.c:430:6:os_start_schedule	8	static
task.c:449:9:task_get_self	4	static
